

================================================================
== Vivado HLS Report for 'dense_resource_ap_fixed_ap_fixed_config10_s'
================================================================
* Date:           Thu Apr 15 21:20:47 2021

* Version:        2019.1 (Build 2552052 on Fri May 24 15:28:33 MDT 2019)
* Project:        anomaly_detector_prj
* Solution:       solution1
* Product family: zynq
* Target device:  xc7z020-clg400-1


================================================================
== Performance Estimates
================================================================
+ Timing (ns): 
    * Summary: 
    +--------+-------+----------+------------+
    |  Clock | Target| Estimated| Uncertainty|
    +--------+-------+----------+------------+
    |ap_clk  |  10.00|     8.491|        1.25|
    +--------+-------+----------+------------+

+ Latency (clock cycles): 
    * Summary: 
    +-----+-----+-----+-----+---------------------------------------------+
    |  Latency  |  Interval |                   Pipeline                  |
    | min | max | min | max |                     Type                    |
    +-----+-----+-----+-----+---------------------------------------------+
    |  513|  514|  512|  512| loop rewind(delay=0 initiation interval(s)) |
    +-----+-----+-----+-----+---------------------------------------------+

    + Detail: 
        * Instance: 
        N/A

        * Loop: 
        +-------------+-----+-----+----------+-----------+-----------+------+----------+
        |             |  Latency  | Iteration|  Initiation Interval  | Trip |          |
        |  Loop Name  | min | max |  Latency |  achieved |   target  | Count| Pipelined|
        +-------------+-----+-----+----------+-----------+-----------+------+----------+
        |- ReuseLoop  |  513|  513|         3|          1|          1|   512|    yes   |
        +-------------+-----+-----+----------+-----------+-----------+------+----------+



================================================================
== Utilization Estimates
================================================================
* Summary: 
+-----------------+---------+-------+--------+-------+-----+
|       Name      | BRAM_18K| DSP48E|   FF   |  LUT  | URAM|
+-----------------+---------+-------+--------+-------+-----+
|DSP              |        -|      -|       -|      -|    -|
|Expression       |        -|      0|       0|    763|    -|
|FIFO             |        -|      -|       -|      -|    -|
|Instance         |        -|      -|       0|  12258|    -|
|Memory           |        3|      -|       0|      0|    -|
|Multiplexer      |        -|      -|       -|   1626|    -|
|Register         |        -|      -|    2218|      -|    -|
+-----------------+---------+-------+--------+-------+-----+
|Total            |        3|      0|    2218|  14647|    0|
+-----------------+---------+-------+--------+-------+-----+
|Available        |      280|    220|  106400|  53200|    0|
+-----------------+---------+-------+--------+-------+-----+
|Utilization (%)  |        1|      0|       2|     27|    0|
+-----------------+---------+-------+--------+-------+-----+

+ Detail: 
    * Instance: 
    +--------------------------------------+---------------------------------+---------+-------+---+------+-----+
    |               Instance               |              Module             | BRAM_18K| DSP48E| FF|  LUT | URAM|
    +--------------------------------------+---------------------------------+---------+-------+---+------+-----+
    |anomaly_detector_mux_646_32_1_1_U730  |anomaly_detector_mux_646_32_1_1  |        0|      0|  0|  1362|    0|
    |anomaly_detector_mux_646_32_1_1_U731  |anomaly_detector_mux_646_32_1_1  |        0|      0|  0|  1362|    0|
    |anomaly_detector_mux_646_32_1_1_U732  |anomaly_detector_mux_646_32_1_1  |        0|      0|  0|  1362|    0|
    |anomaly_detector_mux_646_32_1_1_U733  |anomaly_detector_mux_646_32_1_1  |        0|      0|  0|  1362|    0|
    |anomaly_detector_mux_646_32_1_1_U734  |anomaly_detector_mux_646_32_1_1  |        0|      0|  0|  1362|    0|
    |anomaly_detector_mux_646_32_1_1_U735  |anomaly_detector_mux_646_32_1_1  |        0|      0|  0|  1362|    0|
    |anomaly_detector_mux_646_32_1_1_U736  |anomaly_detector_mux_646_32_1_1  |        0|      0|  0|  1362|    0|
    |anomaly_detector_mux_646_7_1_1_U728   |anomaly_detector_mux_646_7_1_1   |        0|      0|  0|  1362|    0|
    |anomaly_detector_mux_83_32_1_1_U729   |anomaly_detector_mux_83_32_1_1   |        0|      0|  0|  1362|    0|
    +--------------------------------------+---------------------------------+---------+-------+---+------+-----+
    |Total                                 |                                 |        0|      0|  0| 12258|    0|
    +--------------------------------------+---------------------------------+---------+-------+---+------+-----+

    * DSP48E: 
    N/A

    * Memory: 
    +-----------+--------------------------------------------------------------+---------+---+----+-----+------+-----+------+-------------+
    |   Memory  |                            Module                            | BRAM_18K| FF| LUT| URAM| Words| Bits| Banks| W*Bits*Banks|
    +-----------+--------------------------------------------------------------+---------+---+----+-----+------+-----+------+-------------+
    |outidx7_U  |dense_resource_ap_fixed_ap_fixed_32_16_5_3_0_config6_s_oucud  |        1|  0|   0|    0|   512|    3|     1|         1536|
    |w10_V_U    |dense_resource_ap_fixed_ap_fixed_config10_s_w10_V             |        2|  0|   0|    0|   512|   64|     1|        32768|
    +-----------+--------------------------------------------------------------+---------+---+----+-----+------+-----+------+-------------+
    |Total      |                                                              |        3|  0|   0|    0|  1024|   67|     2|        34304|
    +-----------+--------------------------------------------------------------+---------+---+----+-----+------+-----+------+-------------+

    * FIFO: 
    N/A

    * Expression: 
    +---------------------------+----------+-------+---+----+------------+------------+
    |       Variable Name       | Operation| DSP48E| FF| LUT| Bitwidth P0| Bitwidth P1|
    +---------------------------+----------+-------+---+----+------------+------------+
    |mul_ln1118_354_fu_4740_p2  |     *    |      0|  0|  41|           7|           8|
    |mul_ln1118_355_fu_4909_p2  |     *    |      0|  0|  41|           7|           8|
    |mul_ln1118_356_fu_5078_p2  |     *    |      0|  0|  41|           7|           8|
    |mul_ln1118_357_fu_5247_p2  |     *    |      0|  0|  41|           7|           8|
    |mul_ln1118_358_fu_5423_p2  |     *    |      0|  0|  41|           7|           8|
    |mul_ln1118_359_fu_5592_p2  |     *    |      0|  0|  41|           7|           8|
    |mul_ln1118_360_fu_5761_p2  |     *    |      0|  0|  41|           7|           8|
    |mul_ln1118_fu_4681_p2      |     *    |      0|  0|  41|           7|           8|
    |acc_0_V_fu_4723_p2         |     +    |      0|  0|  39|          32|          32|
    |acc_16_V_fu_5061_p2        |     +    |      0|  0|  39|          32|          32|
    |acc_24_V_fu_5230_p2        |     +    |      0|  0|  39|          32|          32|
    |acc_32_V_fu_5406_p2        |     +    |      0|  0|  39|          32|          32|
    |acc_40_V_fu_5575_p2        |     +    |      0|  0|  39|          32|          32|
    |acc_48_V_fu_5744_p2        |     +    |      0|  0|  39|          32|          32|
    |acc_56_V_fu_5913_p2        |     +    |      0|  0|  39|          32|          32|
    |acc_8_V_fu_4892_p2         |     +    |      0|  0|  39|          32|          32|
    |in_index_fu_4565_p2        |     +    |      0|  0|  39|          32|           1|
    |w_index_fu_4559_p2         |     +    |      0|  0|  15|           1|           9|
    |ap_condition_566           |    and   |      0|  0|   2|           1|           1|
    |icmp_ln151_fu_4595_p2      |   icmp   |      0|  0|  13|           9|           2|
    |icmp_ln168_fu_4581_p2      |   icmp   |      0|  0|  18|          26|           1|
    |ap_block_state1            |    or    |      0|  0|   2|           1|           1|
    |select_ln168_fu_4587_p3    |  select  |      0|  0|  32|           1|           1|
    |ap_enable_pp0              |    xor   |      0|  0|   2|           1|           2|
    +---------------------------+----------+-------+---+----+------------+------------+
    |Total                      |          |      0|  0| 763|         384|         338|
    +---------------------------+----------+-------+---+----+------------+------------+

    * Multiplexer: 
    +-------------------------------------------+----+-----------+-----+-----------+
    |                    Name                   | LUT| Input Size| Bits| Total Bits|
    +-------------------------------------------+----+-----------+-----+-----------+
    |acc_V_0_0144_reg_1279                      |   9|          2|   32|         64|
    |acc_V_10_0124_reg_1419                     |   9|          2|   32|         64|
    |acc_V_11_0122_reg_1433                     |   9|          2|   32|         64|
    |acc_V_12_0120_reg_1447                     |   9|          2|   32|         64|
    |acc_V_13_0118_reg_1461                     |   9|          2|   32|         64|
    |acc_V_14_0116_reg_1475                     |   9|          2|   32|         64|
    |acc_V_15_0114_reg_1489                     |   9|          2|   32|         64|
    |acc_V_16_0112_reg_1503                     |   9|          2|   32|         64|
    |acc_V_17_0110_reg_1517                     |   9|          2|   32|         64|
    |acc_V_18_0108_reg_1531                     |   9|          2|   32|         64|
    |acc_V_19_0106_reg_1545                     |   9|          2|   32|         64|
    |acc_V_1_0142_reg_1293                      |   9|          2|   32|         64|
    |acc_V_20_0104_reg_1559                     |   9|          2|   32|         64|
    |acc_V_21_0102_reg_1573                     |   9|          2|   32|         64|
    |acc_V_22_0100_reg_1587                     |   9|          2|   32|         64|
    |acc_V_23_098_reg_1601                      |   9|          2|   32|         64|
    |acc_V_24_096_reg_1615                      |   9|          2|   32|         64|
    |acc_V_25_094_reg_1629                      |   9|          2|   32|         64|
    |acc_V_26_092_reg_1643                      |   9|          2|   32|         64|
    |acc_V_27_090_reg_1657                      |   9|          2|   32|         64|
    |acc_V_28_088_reg_1671                      |   9|          2|   32|         64|
    |acc_V_29_086_reg_1685                      |   9|          2|   32|         64|
    |acc_V_2_0140_reg_1307                      |   9|          2|   32|         64|
    |acc_V_30_084_reg_1699                      |   9|          2|   32|         64|
    |acc_V_31_082_reg_1713                      |   9|          2|   32|         64|
    |acc_V_32_080_reg_1727                      |   9|          2|   32|         64|
    |acc_V_33_078_reg_1741                      |   9|          2|   32|         64|
    |acc_V_34_076_reg_1755                      |   9|          2|   32|         64|
    |acc_V_35_074_reg_1769                      |   9|          2|   32|         64|
    |acc_V_36_072_reg_1783                      |   9|          2|   32|         64|
    |acc_V_37_070_reg_1797                      |   9|          2|   32|         64|
    |acc_V_38_068_reg_1811                      |   9|          2|   32|         64|
    |acc_V_39_066_reg_1825                      |   9|          2|   32|         64|
    |acc_V_3_0138_reg_1321                      |   9|          2|   32|         64|
    |acc_V_40_064_reg_1839                      |   9|          2|   32|         64|
    |acc_V_41_062_reg_1853                      |   9|          2|   32|         64|
    |acc_V_42_060_reg_1867                      |   9|          2|   32|         64|
    |acc_V_43_058_reg_1881                      |   9|          2|   32|         64|
    |acc_V_44_056_reg_1895                      |   9|          2|   32|         64|
    |acc_V_45_054_reg_1909                      |   9|          2|   32|         64|
    |acc_V_46_052_reg_1923                      |   9|          2|   32|         64|
    |acc_V_47_050_reg_1937                      |   9|          2|   32|         64|
    |acc_V_48_048_reg_1951                      |   9|          2|   32|         64|
    |acc_V_49_046_reg_1965                      |   9|          2|   32|         64|
    |acc_V_4_0136_reg_1335                      |   9|          2|   32|         64|
    |acc_V_50_044_reg_1979                      |   9|          2|   32|         64|
    |acc_V_51_042_reg_1993                      |   9|          2|   32|         64|
    |acc_V_52_040_reg_2007                      |   9|          2|   32|         64|
    |acc_V_53_038_reg_2021                      |   9|          2|   32|         64|
    |acc_V_54_036_reg_2035                      |   9|          2|   32|         64|
    |acc_V_55_034_reg_2049                      |   9|          2|   32|         64|
    |acc_V_56_032_reg_2063                      |   9|          2|   32|         64|
    |acc_V_57_030_reg_2077                      |   9|          2|   32|         64|
    |acc_V_58_028_reg_2091                      |   9|          2|   32|         64|
    |acc_V_59_026_reg_2105                      |   9|          2|   32|         64|
    |acc_V_5_0134_reg_1349                      |   9|          2|   32|         64|
    |acc_V_60_024_reg_2119                      |   9|          2|   32|         64|
    |acc_V_61_022_reg_2133                      |   9|          2|   32|         64|
    |acc_V_62_020_reg_2147                      |   9|          2|   32|         64|
    |acc_V_63_018_reg_2161                      |   9|          2|   32|         64|
    |acc_V_6_0132_reg_1363                      |   9|          2|   32|         64|
    |acc_V_7_0130_reg_1377                      |   9|          2|   32|         64|
    |acc_V_8_0128_reg_1391                      |   9|          2|   32|         64|
    |acc_V_9_0126_reg_1405                      |   9|          2|   32|         64|
    |ap_NS_fsm                                  |  15|          3|    1|          3|
    |ap_done                                    |   9|          2|    1|          2|
    |ap_enable_reg_pp0_iter1                    |   9|          2|    1|          2|
    |ap_enable_reg_pp0_iter2                    |   9|          2|    1|          2|
    |ap_phi_mux_acc_V_0_1_phi_fu_2396_p16       |  15|          3|   32|         96|
    |ap_phi_mux_acc_V_10_1_phi_fu_2582_p16      |  15|          3|   32|         96|
    |ap_phi_mux_acc_V_11_1_phi_fu_2551_p16      |  15|          3|   32|         96|
    |ap_phi_mux_acc_V_12_1_phi_fu_2520_p16      |  15|          3|   32|         96|
    |ap_phi_mux_acc_V_13_1_phi_fu_2489_p16      |  15|          3|   32|         96|
    |ap_phi_mux_acc_V_14_1_phi_fu_2458_p16      |  15|          3|   32|         96|
    |ap_phi_mux_acc_V_15_1_phi_fu_2427_p16      |  15|          3|   32|         96|
    |ap_phi_mux_acc_V_16_1_phi_fu_2892_p16      |  15|          3|   32|         96|
    |ap_phi_mux_acc_V_17_1_phi_fu_2861_p16      |  15|          3|   32|         96|
    |ap_phi_mux_acc_V_18_1_phi_fu_2830_p16      |  15|          3|   32|         96|
    |ap_phi_mux_acc_V_19_1_phi_fu_2799_p16      |  15|          3|   32|         96|
    |ap_phi_mux_acc_V_1_1_phi_fu_2365_p16       |  15|          3|   32|         96|
    |ap_phi_mux_acc_V_20_1_phi_fu_2768_p16      |  15|          3|   32|         96|
    |ap_phi_mux_acc_V_21_1_phi_fu_2737_p16      |  15|          3|   32|         96|
    |ap_phi_mux_acc_V_22_1_phi_fu_2706_p16      |  15|          3|   32|         96|
    |ap_phi_mux_acc_V_23_1_phi_fu_2675_p16      |  15|          3|   32|         96|
    |ap_phi_mux_acc_V_24_1_phi_fu_3140_p16      |  15|          3|   32|         96|
    |ap_phi_mux_acc_V_25_1_phi_fu_3109_p16      |  15|          3|   32|         96|
    |ap_phi_mux_acc_V_26_1_phi_fu_3078_p16      |  15|          3|   32|         96|
    |ap_phi_mux_acc_V_27_1_phi_fu_3047_p16      |  15|          3|   32|         96|
    |ap_phi_mux_acc_V_28_1_phi_fu_3016_p16      |  15|          3|   32|         96|
    |ap_phi_mux_acc_V_29_1_phi_fu_2985_p16      |  15|          3|   32|         96|
    |ap_phi_mux_acc_V_2_1_phi_fu_2334_p16       |  15|          3|   32|         96|
    |ap_phi_mux_acc_V_30_1_phi_fu_2954_p16      |  15|          3|   32|         96|
    |ap_phi_mux_acc_V_31_1_phi_fu_2923_p16      |  15|          3|   32|         96|
    |ap_phi_mux_acc_V_32_1_phi_fu_3388_p16      |  15|          3|   32|         96|
    |ap_phi_mux_acc_V_33_1_phi_fu_3357_p16      |  15|          3|   32|         96|
    |ap_phi_mux_acc_V_34_1_phi_fu_3326_p16      |  15|          3|   32|         96|
    |ap_phi_mux_acc_V_35_1_phi_fu_3295_p16      |  15|          3|   32|         96|
    |ap_phi_mux_acc_V_36_1_phi_fu_3264_p16      |  15|          3|   32|         96|
    |ap_phi_mux_acc_V_37_1_phi_fu_3233_p16      |  15|          3|   32|         96|
    |ap_phi_mux_acc_V_38_1_phi_fu_3202_p16      |  15|          3|   32|         96|
    |ap_phi_mux_acc_V_39_1_phi_fu_3171_p16      |  15|          3|   32|         96|
    |ap_phi_mux_acc_V_3_1_phi_fu_2303_p16       |  15|          3|   32|         96|
    |ap_phi_mux_acc_V_40_1_phi_fu_3636_p16      |  15|          3|   32|         96|
    |ap_phi_mux_acc_V_41_1_phi_fu_3605_p16      |  15|          3|   32|         96|
    |ap_phi_mux_acc_V_42_1_phi_fu_3574_p16      |  15|          3|   32|         96|
    |ap_phi_mux_acc_V_43_1_phi_fu_3543_p16      |  15|          3|   32|         96|
    |ap_phi_mux_acc_V_44_1_phi_fu_3512_p16      |  15|          3|   32|         96|
    |ap_phi_mux_acc_V_45_1_phi_fu_3481_p16      |  15|          3|   32|         96|
    |ap_phi_mux_acc_V_46_1_phi_fu_3450_p16      |  15|          3|   32|         96|
    |ap_phi_mux_acc_V_47_1_phi_fu_3419_p16      |  15|          3|   32|         96|
    |ap_phi_mux_acc_V_48_1_phi_fu_3884_p16      |  15|          3|   32|         96|
    |ap_phi_mux_acc_V_49_1_phi_fu_3853_p16      |  15|          3|   32|         96|
    |ap_phi_mux_acc_V_4_1_phi_fu_2272_p16       |  15|          3|   32|         96|
    |ap_phi_mux_acc_V_50_1_phi_fu_3822_p16      |  15|          3|   32|         96|
    |ap_phi_mux_acc_V_51_1_phi_fu_3791_p16      |  15|          3|   32|         96|
    |ap_phi_mux_acc_V_52_1_phi_fu_3760_p16      |  15|          3|   32|         96|
    |ap_phi_mux_acc_V_53_1_phi_fu_3729_p16      |  15|          3|   32|         96|
    |ap_phi_mux_acc_V_54_1_phi_fu_3698_p16      |  15|          3|   32|         96|
    |ap_phi_mux_acc_V_55_1_phi_fu_3667_p16      |  15|          3|   32|         96|
    |ap_phi_mux_acc_V_56_1_phi_fu_4132_p16      |  15|          3|   32|         96|
    |ap_phi_mux_acc_V_57_1_phi_fu_4101_p16      |  15|          3|   32|         96|
    |ap_phi_mux_acc_V_58_1_phi_fu_4070_p16      |  15|          3|   32|         96|
    |ap_phi_mux_acc_V_59_1_phi_fu_4039_p16      |  15|          3|   32|         96|
    |ap_phi_mux_acc_V_5_1_phi_fu_2241_p16       |  15|          3|   32|         96|
    |ap_phi_mux_acc_V_60_1_phi_fu_4008_p16      |  15|          3|   32|         96|
    |ap_phi_mux_acc_V_61_1_phi_fu_3977_p16      |  15|          3|   32|         96|
    |ap_phi_mux_acc_V_62_1_phi_fu_3946_p16      |  15|          3|   32|         96|
    |ap_phi_mux_acc_V_63_1_phi_fu_3915_p16      |  15|          3|   32|         96|
    |ap_phi_mux_acc_V_6_1_phi_fu_2210_p16       |  15|          3|   32|         96|
    |ap_phi_mux_acc_V_7_1_phi_fu_2179_p16       |  15|          3|   32|         96|
    |ap_phi_mux_acc_V_8_1_phi_fu_2644_p16       |  15|          3|   32|         96|
    |ap_phi_mux_acc_V_9_1_phi_fu_2613_p16       |  15|          3|   32|         96|
    |ap_phi_mux_in_index_0_i146_phi_fu_1255_p6  |  15|          3|   32|         96|
    |ap_phi_mux_w_index145_phi_fu_1269_p6       |  15|          3|    9|         27|
    |in_index_0_i146_reg_1251                   |   9|          2|   32|         64|
    |w_index145_reg_1265                        |   9|          2|    9|         18|
    +-------------------------------------------+----+-----------+-----+-----------+
    |Total                                      |1626|        339| 4182|      10454|
    +-------------------------------------------+----+-----------+-----+-----------+

    * Register: 
    +-----------------------------------+----+----+-----+-----------+
    |                Name               | FF | LUT| Bits| Const Bits|
    +-----------------------------------+----+----+-----+-----------+
    |acc_V_0_0144_reg_1279              |  32|   0|   32|          0|
    |acc_V_10_0124_reg_1419             |  32|   0|   32|          0|
    |acc_V_11_0122_reg_1433             |  32|   0|   32|          0|
    |acc_V_12_0120_reg_1447             |  32|   0|   32|          0|
    |acc_V_13_0118_reg_1461             |  32|   0|   32|          0|
    |acc_V_14_0116_reg_1475             |  32|   0|   32|          0|
    |acc_V_15_0114_reg_1489             |  32|   0|   32|          0|
    |acc_V_16_0112_reg_1503             |  32|   0|   32|          0|
    |acc_V_17_0110_reg_1517             |  32|   0|   32|          0|
    |acc_V_18_0108_reg_1531             |  32|   0|   32|          0|
    |acc_V_19_0106_reg_1545             |  32|   0|   32|          0|
    |acc_V_1_0142_reg_1293              |  32|   0|   32|          0|
    |acc_V_20_0104_reg_1559             |  32|   0|   32|          0|
    |acc_V_21_0102_reg_1573             |  32|   0|   32|          0|
    |acc_V_22_0100_reg_1587             |  32|   0|   32|          0|
    |acc_V_23_098_reg_1601              |  32|   0|   32|          0|
    |acc_V_24_096_reg_1615              |  32|   0|   32|          0|
    |acc_V_25_094_reg_1629              |  32|   0|   32|          0|
    |acc_V_26_092_reg_1643              |  32|   0|   32|          0|
    |acc_V_27_090_reg_1657              |  32|   0|   32|          0|
    |acc_V_28_088_reg_1671              |  32|   0|   32|          0|
    |acc_V_29_086_reg_1685              |  32|   0|   32|          0|
    |acc_V_2_0140_reg_1307              |  32|   0|   32|          0|
    |acc_V_30_084_reg_1699              |  32|   0|   32|          0|
    |acc_V_31_082_reg_1713              |  32|   0|   32|          0|
    |acc_V_32_080_reg_1727              |  32|   0|   32|          0|
    |acc_V_33_078_reg_1741              |  32|   0|   32|          0|
    |acc_V_34_076_reg_1755              |  32|   0|   32|          0|
    |acc_V_35_074_reg_1769              |  32|   0|   32|          0|
    |acc_V_36_072_reg_1783              |  32|   0|   32|          0|
    |acc_V_37_070_reg_1797              |  32|   0|   32|          0|
    |acc_V_38_068_reg_1811              |  32|   0|   32|          0|
    |acc_V_39_066_reg_1825              |  32|   0|   32|          0|
    |acc_V_3_0138_reg_1321              |  32|   0|   32|          0|
    |acc_V_40_064_reg_1839              |  32|   0|   32|          0|
    |acc_V_41_062_reg_1853              |  32|   0|   32|          0|
    |acc_V_42_060_reg_1867              |  32|   0|   32|          0|
    |acc_V_43_058_reg_1881              |  32|   0|   32|          0|
    |acc_V_44_056_reg_1895              |  32|   0|   32|          0|
    |acc_V_45_054_reg_1909              |  32|   0|   32|          0|
    |acc_V_46_052_reg_1923              |  32|   0|   32|          0|
    |acc_V_47_050_reg_1937              |  32|   0|   32|          0|
    |acc_V_48_048_reg_1951              |  32|   0|   32|          0|
    |acc_V_49_046_reg_1965              |  32|   0|   32|          0|
    |acc_V_4_0136_reg_1335              |  32|   0|   32|          0|
    |acc_V_50_044_reg_1979              |  32|   0|   32|          0|
    |acc_V_51_042_reg_1993              |  32|   0|   32|          0|
    |acc_V_52_040_reg_2007              |  32|   0|   32|          0|
    |acc_V_53_038_reg_2021              |  32|   0|   32|          0|
    |acc_V_54_036_reg_2035              |  32|   0|   32|          0|
    |acc_V_55_034_reg_2049              |  32|   0|   32|          0|
    |acc_V_56_032_reg_2063              |  32|   0|   32|          0|
    |acc_V_57_030_reg_2077              |  32|   0|   32|          0|
    |acc_V_58_028_reg_2091              |  32|   0|   32|          0|
    |acc_V_59_026_reg_2105              |  32|   0|   32|          0|
    |acc_V_5_0134_reg_1349              |  32|   0|   32|          0|
    |acc_V_60_024_reg_2119              |  32|   0|   32|          0|
    |acc_V_61_022_reg_2133              |  32|   0|   32|          0|
    |acc_V_62_020_reg_2147              |  32|   0|   32|          0|
    |acc_V_63_018_reg_2161              |  32|   0|   32|          0|
    |acc_V_6_0132_reg_1363              |  32|   0|   32|          0|
    |acc_V_7_0130_reg_1377              |  32|   0|   32|          0|
    |acc_V_8_0128_reg_1391              |  32|   0|   32|          0|
    |acc_V_9_0126_reg_1405              |  32|   0|   32|          0|
    |ap_CS_fsm                          |   2|   0|    2|          0|
    |ap_done_reg                        |   1|   0|    1|          0|
    |ap_enable_reg_pp0_iter1            |   1|   0|    1|          0|
    |ap_enable_reg_pp0_iter2            |   1|   0|    1|          0|
    |icmp_ln151_reg_5954                |   1|   0|    1|          0|
    |icmp_ln151_reg_5954_pp0_iter1_reg  |   1|   0|    1|          0|
    |in_index_0_i146_reg_1251           |  32|   0|   32|          0|
    |out_index_reg_5958                 |   3|   0|    3|          0|
    |select_ln168_reg_5949              |  32|   0|   32|          0|
    |tmp_59_reg_5970                    |   8|   0|    8|          0|
    |tmp_60_reg_5975                    |   8|   0|    8|          0|
    |tmp_61_reg_5980                    |   8|   0|    8|          0|
    |tmp_62_reg_5985                    |   8|   0|    8|          0|
    |tmp_63_reg_5990                    |   8|   0|    8|          0|
    |tmp_64_reg_5995                    |   8|   0|    8|          0|
    |tmp_65_reg_6000                    |   8|   0|    8|          0|
    |tmp_s_reg_5934                     |   7|   0|    7|          0|
    |tmp_s_reg_5934_pp0_iter1_reg       |   7|   0|    7|          0|
    |trunc_ln160_9_reg_5965             |   8|   0|    8|          0|
    |w_index145_reg_1265                |   9|   0|    9|          0|
    |w_index_reg_5944                   |   9|   0|    9|          0|
    +-----------------------------------+----+----+-----+-----------+
    |Total                              |2218|   0| 2218|          0|
    +-----------------------------------+----+----+-----+-----------+



================================================================
== Interface
================================================================
* Summary: 
+-----------------+-----+-----+------------+--------------------------------------------+--------------+
|    RTL Ports    | Dir | Bits|  Protocol  |                Source Object               |    C Type    |
+-----------------+-----+-----+------------+--------------------------------------------+--------------+
|ap_clk           |  in |    1| ap_ctrl_hs | dense_resource<ap_fixed,ap_fixed,config10> | return value |
|ap_rst           |  in |    1| ap_ctrl_hs | dense_resource<ap_fixed,ap_fixed,config10> | return value |
|ap_start         |  in |    1| ap_ctrl_hs | dense_resource<ap_fixed,ap_fixed,config10> | return value |
|ap_done          | out |    1| ap_ctrl_hs | dense_resource<ap_fixed,ap_fixed,config10> | return value |
|ap_continue      |  in |    1| ap_ctrl_hs | dense_resource<ap_fixed,ap_fixed,config10> | return value |
|ap_idle          | out |    1| ap_ctrl_hs | dense_resource<ap_fixed,ap_fixed,config10> | return value |
|ap_ready         | out |    1| ap_ctrl_hs | dense_resource<ap_fixed,ap_fixed,config10> | return value |
|data_0_V         |  in |    6|   ap_none  |                  data_0_V                  |    pointer   |
|data_1_V         |  in |    6|   ap_none  |                  data_1_V                  |    pointer   |
|data_2_V         |  in |    6|   ap_none  |                  data_2_V                  |    pointer   |
|data_3_V         |  in |    6|   ap_none  |                  data_3_V                  |    pointer   |
|data_4_V         |  in |    6|   ap_none  |                  data_4_V                  |    pointer   |
|data_5_V         |  in |    6|   ap_none  |                  data_5_V                  |    pointer   |
|data_6_V         |  in |    6|   ap_none  |                  data_6_V                  |    pointer   |
|data_7_V         |  in |    6|   ap_none  |                  data_7_V                  |    pointer   |
|data_8_V         |  in |    6|   ap_none  |                  data_8_V                  |    pointer   |
|data_9_V         |  in |    6|   ap_none  |                  data_9_V                  |    pointer   |
|data_10_V        |  in |    6|   ap_none  |                  data_10_V                 |    pointer   |
|data_11_V        |  in |    6|   ap_none  |                  data_11_V                 |    pointer   |
|data_12_V        |  in |    6|   ap_none  |                  data_12_V                 |    pointer   |
|data_13_V        |  in |    6|   ap_none  |                  data_13_V                 |    pointer   |
|data_14_V        |  in |    6|   ap_none  |                  data_14_V                 |    pointer   |
|data_15_V        |  in |    6|   ap_none  |                  data_15_V                 |    pointer   |
|data_16_V        |  in |    6|   ap_none  |                  data_16_V                 |    pointer   |
|data_17_V        |  in |    6|   ap_none  |                  data_17_V                 |    pointer   |
|data_18_V        |  in |    6|   ap_none  |                  data_18_V                 |    pointer   |
|data_19_V        |  in |    6|   ap_none  |                  data_19_V                 |    pointer   |
|data_20_V        |  in |    6|   ap_none  |                  data_20_V                 |    pointer   |
|data_21_V        |  in |    6|   ap_none  |                  data_21_V                 |    pointer   |
|data_22_V        |  in |    6|   ap_none  |                  data_22_V                 |    pointer   |
|data_23_V        |  in |    6|   ap_none  |                  data_23_V                 |    pointer   |
|data_24_V        |  in |    6|   ap_none  |                  data_24_V                 |    pointer   |
|data_25_V        |  in |    6|   ap_none  |                  data_25_V                 |    pointer   |
|data_26_V        |  in |    6|   ap_none  |                  data_26_V                 |    pointer   |
|data_27_V        |  in |    6|   ap_none  |                  data_27_V                 |    pointer   |
|data_28_V        |  in |    6|   ap_none  |                  data_28_V                 |    pointer   |
|data_29_V        |  in |    6|   ap_none  |                  data_29_V                 |    pointer   |
|data_30_V        |  in |    6|   ap_none  |                  data_30_V                 |    pointer   |
|data_31_V        |  in |    6|   ap_none  |                  data_31_V                 |    pointer   |
|data_32_V        |  in |    6|   ap_none  |                  data_32_V                 |    pointer   |
|data_33_V        |  in |    6|   ap_none  |                  data_33_V                 |    pointer   |
|data_34_V        |  in |    6|   ap_none  |                  data_34_V                 |    pointer   |
|data_35_V        |  in |    6|   ap_none  |                  data_35_V                 |    pointer   |
|data_36_V        |  in |    6|   ap_none  |                  data_36_V                 |    pointer   |
|data_37_V        |  in |    6|   ap_none  |                  data_37_V                 |    pointer   |
|data_38_V        |  in |    6|   ap_none  |                  data_38_V                 |    pointer   |
|data_39_V        |  in |    6|   ap_none  |                  data_39_V                 |    pointer   |
|data_40_V        |  in |    6|   ap_none  |                  data_40_V                 |    pointer   |
|data_41_V        |  in |    6|   ap_none  |                  data_41_V                 |    pointer   |
|data_42_V        |  in |    6|   ap_none  |                  data_42_V                 |    pointer   |
|data_43_V        |  in |    6|   ap_none  |                  data_43_V                 |    pointer   |
|data_44_V        |  in |    6|   ap_none  |                  data_44_V                 |    pointer   |
|data_45_V        |  in |    6|   ap_none  |                  data_45_V                 |    pointer   |
|data_46_V        |  in |    6|   ap_none  |                  data_46_V                 |    pointer   |
|data_47_V        |  in |    6|   ap_none  |                  data_47_V                 |    pointer   |
|data_48_V        |  in |    6|   ap_none  |                  data_48_V                 |    pointer   |
|data_49_V        |  in |    6|   ap_none  |                  data_49_V                 |    pointer   |
|data_50_V        |  in |    6|   ap_none  |                  data_50_V                 |    pointer   |
|data_51_V        |  in |    6|   ap_none  |                  data_51_V                 |    pointer   |
|data_52_V        |  in |    6|   ap_none  |                  data_52_V                 |    pointer   |
|data_53_V        |  in |    6|   ap_none  |                  data_53_V                 |    pointer   |
|data_54_V        |  in |    6|   ap_none  |                  data_54_V                 |    pointer   |
|data_55_V        |  in |    6|   ap_none  |                  data_55_V                 |    pointer   |
|data_56_V        |  in |    6|   ap_none  |                  data_56_V                 |    pointer   |
|data_57_V        |  in |    6|   ap_none  |                  data_57_V                 |    pointer   |
|data_58_V        |  in |    6|   ap_none  |                  data_58_V                 |    pointer   |
|data_59_V        |  in |    6|   ap_none  |                  data_59_V                 |    pointer   |
|data_60_V        |  in |    6|   ap_none  |                  data_60_V                 |    pointer   |
|data_61_V        |  in |    6|   ap_none  |                  data_61_V                 |    pointer   |
|data_62_V        |  in |    6|   ap_none  |                  data_62_V                 |    pointer   |
|data_63_V        |  in |    6|   ap_none  |                  data_63_V                 |    pointer   |
|res_0_V          | out |   32|   ap_vld   |                   res_0_V                  |    pointer   |
|res_0_V_ap_vld   | out |    1|   ap_vld   |                   res_0_V                  |    pointer   |
|res_1_V          | out |   32|   ap_vld   |                   res_1_V                  |    pointer   |
|res_1_V_ap_vld   | out |    1|   ap_vld   |                   res_1_V                  |    pointer   |
|res_2_V          | out |   32|   ap_vld   |                   res_2_V                  |    pointer   |
|res_2_V_ap_vld   | out |    1|   ap_vld   |                   res_2_V                  |    pointer   |
|res_3_V          | out |   32|   ap_vld   |                   res_3_V                  |    pointer   |
|res_3_V_ap_vld   | out |    1|   ap_vld   |                   res_3_V                  |    pointer   |
|res_4_V          | out |   32|   ap_vld   |                   res_4_V                  |    pointer   |
|res_4_V_ap_vld   | out |    1|   ap_vld   |                   res_4_V                  |    pointer   |
|res_5_V          | out |   32|   ap_vld   |                   res_5_V                  |    pointer   |
|res_5_V_ap_vld   | out |    1|   ap_vld   |                   res_5_V                  |    pointer   |
|res_6_V          | out |   32|   ap_vld   |                   res_6_V                  |    pointer   |
|res_6_V_ap_vld   | out |    1|   ap_vld   |                   res_6_V                  |    pointer   |
|res_7_V          | out |   32|   ap_vld   |                   res_7_V                  |    pointer   |
|res_7_V_ap_vld   | out |    1|   ap_vld   |                   res_7_V                  |    pointer   |
|res_8_V          | out |   32|   ap_vld   |                   res_8_V                  |    pointer   |
|res_8_V_ap_vld   | out |    1|   ap_vld   |                   res_8_V                  |    pointer   |
|res_9_V          | out |   32|   ap_vld   |                   res_9_V                  |    pointer   |
|res_9_V_ap_vld   | out |    1|   ap_vld   |                   res_9_V                  |    pointer   |
|res_10_V         | out |   32|   ap_vld   |                  res_10_V                  |    pointer   |
|res_10_V_ap_vld  | out |    1|   ap_vld   |                  res_10_V                  |    pointer   |
|res_11_V         | out |   32|   ap_vld   |                  res_11_V                  |    pointer   |
|res_11_V_ap_vld  | out |    1|   ap_vld   |                  res_11_V                  |    pointer   |
|res_12_V         | out |   32|   ap_vld   |                  res_12_V                  |    pointer   |
|res_12_V_ap_vld  | out |    1|   ap_vld   |                  res_12_V                  |    pointer   |
|res_13_V         | out |   32|   ap_vld   |                  res_13_V                  |    pointer   |
|res_13_V_ap_vld  | out |    1|   ap_vld   |                  res_13_V                  |    pointer   |
|res_14_V         | out |   32|   ap_vld   |                  res_14_V                  |    pointer   |
|res_14_V_ap_vld  | out |    1|   ap_vld   |                  res_14_V                  |    pointer   |
|res_15_V         | out |   32|   ap_vld   |                  res_15_V                  |    pointer   |
|res_15_V_ap_vld  | out |    1|   ap_vld   |                  res_15_V                  |    pointer   |
|res_16_V         | out |   32|   ap_vld   |                  res_16_V                  |    pointer   |
|res_16_V_ap_vld  | out |    1|   ap_vld   |                  res_16_V                  |    pointer   |
|res_17_V         | out |   32|   ap_vld   |                  res_17_V                  |    pointer   |
|res_17_V_ap_vld  | out |    1|   ap_vld   |                  res_17_V                  |    pointer   |
|res_18_V         | out |   32|   ap_vld   |                  res_18_V                  |    pointer   |
|res_18_V_ap_vld  | out |    1|   ap_vld   |                  res_18_V                  |    pointer   |
|res_19_V         | out |   32|   ap_vld   |                  res_19_V                  |    pointer   |
|res_19_V_ap_vld  | out |    1|   ap_vld   |                  res_19_V                  |    pointer   |
|res_20_V         | out |   32|   ap_vld   |                  res_20_V                  |    pointer   |
|res_20_V_ap_vld  | out |    1|   ap_vld   |                  res_20_V                  |    pointer   |
|res_21_V         | out |   32|   ap_vld   |                  res_21_V                  |    pointer   |
|res_21_V_ap_vld  | out |    1|   ap_vld   |                  res_21_V                  |    pointer   |
|res_22_V         | out |   32|   ap_vld   |                  res_22_V                  |    pointer   |
|res_22_V_ap_vld  | out |    1|   ap_vld   |                  res_22_V                  |    pointer   |
|res_23_V         | out |   32|   ap_vld   |                  res_23_V                  |    pointer   |
|res_23_V_ap_vld  | out |    1|   ap_vld   |                  res_23_V                  |    pointer   |
|res_24_V         | out |   32|   ap_vld   |                  res_24_V                  |    pointer   |
|res_24_V_ap_vld  | out |    1|   ap_vld   |                  res_24_V                  |    pointer   |
|res_25_V         | out |   32|   ap_vld   |                  res_25_V                  |    pointer   |
|res_25_V_ap_vld  | out |    1|   ap_vld   |                  res_25_V                  |    pointer   |
|res_26_V         | out |   32|   ap_vld   |                  res_26_V                  |    pointer   |
|res_26_V_ap_vld  | out |    1|   ap_vld   |                  res_26_V                  |    pointer   |
|res_27_V         | out |   32|   ap_vld   |                  res_27_V                  |    pointer   |
|res_27_V_ap_vld  | out |    1|   ap_vld   |                  res_27_V                  |    pointer   |
|res_28_V         | out |   32|   ap_vld   |                  res_28_V                  |    pointer   |
|res_28_V_ap_vld  | out |    1|   ap_vld   |                  res_28_V                  |    pointer   |
|res_29_V         | out |   32|   ap_vld   |                  res_29_V                  |    pointer   |
|res_29_V_ap_vld  | out |    1|   ap_vld   |                  res_29_V                  |    pointer   |
|res_30_V         | out |   32|   ap_vld   |                  res_30_V                  |    pointer   |
|res_30_V_ap_vld  | out |    1|   ap_vld   |                  res_30_V                  |    pointer   |
|res_31_V         | out |   32|   ap_vld   |                  res_31_V                  |    pointer   |
|res_31_V_ap_vld  | out |    1|   ap_vld   |                  res_31_V                  |    pointer   |
|res_32_V         | out |   32|   ap_vld   |                  res_32_V                  |    pointer   |
|res_32_V_ap_vld  | out |    1|   ap_vld   |                  res_32_V                  |    pointer   |
|res_33_V         | out |   32|   ap_vld   |                  res_33_V                  |    pointer   |
|res_33_V_ap_vld  | out |    1|   ap_vld   |                  res_33_V                  |    pointer   |
|res_34_V         | out |   32|   ap_vld   |                  res_34_V                  |    pointer   |
|res_34_V_ap_vld  | out |    1|   ap_vld   |                  res_34_V                  |    pointer   |
|res_35_V         | out |   32|   ap_vld   |                  res_35_V                  |    pointer   |
|res_35_V_ap_vld  | out |    1|   ap_vld   |                  res_35_V                  |    pointer   |
|res_36_V         | out |   32|   ap_vld   |                  res_36_V                  |    pointer   |
|res_36_V_ap_vld  | out |    1|   ap_vld   |                  res_36_V                  |    pointer   |
|res_37_V         | out |   32|   ap_vld   |                  res_37_V                  |    pointer   |
|res_37_V_ap_vld  | out |    1|   ap_vld   |                  res_37_V                  |    pointer   |
|res_38_V         | out |   32|   ap_vld   |                  res_38_V                  |    pointer   |
|res_38_V_ap_vld  | out |    1|   ap_vld   |                  res_38_V                  |    pointer   |
|res_39_V         | out |   32|   ap_vld   |                  res_39_V                  |    pointer   |
|res_39_V_ap_vld  | out |    1|   ap_vld   |                  res_39_V                  |    pointer   |
|res_40_V         | out |   32|   ap_vld   |                  res_40_V                  |    pointer   |
|res_40_V_ap_vld  | out |    1|   ap_vld   |                  res_40_V                  |    pointer   |
|res_41_V         | out |   32|   ap_vld   |                  res_41_V                  |    pointer   |
|res_41_V_ap_vld  | out |    1|   ap_vld   |                  res_41_V                  |    pointer   |
|res_42_V         | out |   32|   ap_vld   |                  res_42_V                  |    pointer   |
|res_42_V_ap_vld  | out |    1|   ap_vld   |                  res_42_V                  |    pointer   |
|res_43_V         | out |   32|   ap_vld   |                  res_43_V                  |    pointer   |
|res_43_V_ap_vld  | out |    1|   ap_vld   |                  res_43_V                  |    pointer   |
|res_44_V         | out |   32|   ap_vld   |                  res_44_V                  |    pointer   |
|res_44_V_ap_vld  | out |    1|   ap_vld   |                  res_44_V                  |    pointer   |
|res_45_V         | out |   32|   ap_vld   |                  res_45_V                  |    pointer   |
|res_45_V_ap_vld  | out |    1|   ap_vld   |                  res_45_V                  |    pointer   |
|res_46_V         | out |   32|   ap_vld   |                  res_46_V                  |    pointer   |
|res_46_V_ap_vld  | out |    1|   ap_vld   |                  res_46_V                  |    pointer   |
|res_47_V         | out |   32|   ap_vld   |                  res_47_V                  |    pointer   |
|res_47_V_ap_vld  | out |    1|   ap_vld   |                  res_47_V                  |    pointer   |
|res_48_V         | out |   32|   ap_vld   |                  res_48_V                  |    pointer   |
|res_48_V_ap_vld  | out |    1|   ap_vld   |                  res_48_V                  |    pointer   |
|res_49_V         | out |   32|   ap_vld   |                  res_49_V                  |    pointer   |
|res_49_V_ap_vld  | out |    1|   ap_vld   |                  res_49_V                  |    pointer   |
|res_50_V         | out |   32|   ap_vld   |                  res_50_V                  |    pointer   |
|res_50_V_ap_vld  | out |    1|   ap_vld   |                  res_50_V                  |    pointer   |
|res_51_V         | out |   32|   ap_vld   |                  res_51_V                  |    pointer   |
|res_51_V_ap_vld  | out |    1|   ap_vld   |                  res_51_V                  |    pointer   |
|res_52_V         | out |   32|   ap_vld   |                  res_52_V                  |    pointer   |
|res_52_V_ap_vld  | out |    1|   ap_vld   |                  res_52_V                  |    pointer   |
|res_53_V         | out |   32|   ap_vld   |                  res_53_V                  |    pointer   |
|res_53_V_ap_vld  | out |    1|   ap_vld   |                  res_53_V                  |    pointer   |
|res_54_V         | out |   32|   ap_vld   |                  res_54_V                  |    pointer   |
|res_54_V_ap_vld  | out |    1|   ap_vld   |                  res_54_V                  |    pointer   |
|res_55_V         | out |   32|   ap_vld   |                  res_55_V                  |    pointer   |
|res_55_V_ap_vld  | out |    1|   ap_vld   |                  res_55_V                  |    pointer   |
|res_56_V         | out |   32|   ap_vld   |                  res_56_V                  |    pointer   |
|res_56_V_ap_vld  | out |    1|   ap_vld   |                  res_56_V                  |    pointer   |
|res_57_V         | out |   32|   ap_vld   |                  res_57_V                  |    pointer   |
|res_57_V_ap_vld  | out |    1|   ap_vld   |                  res_57_V                  |    pointer   |
|res_58_V         | out |   32|   ap_vld   |                  res_58_V                  |    pointer   |
|res_58_V_ap_vld  | out |    1|   ap_vld   |                  res_58_V                  |    pointer   |
|res_59_V         | out |   32|   ap_vld   |                  res_59_V                  |    pointer   |
|res_59_V_ap_vld  | out |    1|   ap_vld   |                  res_59_V                  |    pointer   |
|res_60_V         | out |   32|   ap_vld   |                  res_60_V                  |    pointer   |
|res_60_V_ap_vld  | out |    1|   ap_vld   |                  res_60_V                  |    pointer   |
|res_61_V         | out |   32|   ap_vld   |                  res_61_V                  |    pointer   |
|res_61_V_ap_vld  | out |    1|   ap_vld   |                  res_61_V                  |    pointer   |
|res_62_V         | out |   32|   ap_vld   |                  res_62_V                  |    pointer   |
|res_62_V_ap_vld  | out |    1|   ap_vld   |                  res_62_V                  |    pointer   |
|res_63_V         | out |   32|   ap_vld   |                  res_63_V                  |    pointer   |
|res_63_V_ap_vld  | out |    1|   ap_vld   |                  res_63_V                  |    pointer   |
+-----------------+-----+-----+------------+--------------------------------------------+--------------+

