

================================================================
== Vivado HLS Report for 'dense_resource_ap_fixed_ap_fixed_config22_s'
================================================================
* Date:           Thu Apr 15 21:21:42 2021

* Version:        2019.1 (Build 2552052 on Fri May 24 15:28:33 MDT 2019)
* Project:        anomaly_detector_prj
* Solution:       solution1
* Product family: zynq
* Target device:  xc7z020-clg400-1


================================================================
== Performance Estimates
================================================================
+ Timing (ns): 
    * Summary: 
    +--------+-------+----------+------------+
    |  Clock | Target| Estimated| Uncertainty|
    +--------+-------+----------+------------+
    |ap_clk  |  10.00|     8.491|        1.25|
    +--------+-------+----------+------------+

+ Latency (clock cycles): 
    * Summary: 
    +-----+-----+-----+-----+---------------------------------------------+
    |  Latency  |  Interval |                   Pipeline                  |
    | min | max | min | max |                     Type                    |
    +-----+-----+-----+-----+---------------------------------------------+
    |  513|  514|  512|  512| loop rewind(delay=0 initiation interval(s)) |
    +-----+-----+-----+-----+---------------------------------------------+

    + Detail: 
        * Instance: 
        N/A

        * Loop: 
        +-------------+-----+-----+----------+-----------+-----------+------+----------+
        |             |  Latency  | Iteration|  Initiation Interval  | Trip |          |
        |  Loop Name  | min | max |  Latency |  achieved |   target  | Count| Pipelined|
        +-------------+-----+-----+----------+-----------+-----------+------+----------+
        |- ReuseLoop  |  513|  513|         3|          1|          1|   512|    yes   |
        +-------------+-----+-----+----------+-----------+-----------+------+----------+



================================================================
== Utilization Estimates
================================================================
* Summary: 
+-----------------+---------+-------+--------+-------+-----+
|       Name      | BRAM_18K| DSP48E|   FF   |  LUT  | URAM|
+-----------------+---------+-------+--------+-------+-----+
|DSP              |        -|      -|       -|      -|    -|
|Expression       |        -|      0|       0|    203|    -|
|FIFO             |        -|      -|       -|      -|    -|
|Instance         |        -|      -|       0|   2724|    -|
|Memory           |        2|      -|       0|      0|    -|
|Multiplexer      |        -|      -|       -|   3162|    -|
|Register         |        -|      -|    4213|      -|    -|
+-----------------+---------+-------+--------+-------+-----+
|Total            |        2|      0|    4213|   6089|    0|
+-----------------+---------+-------+--------+-------+-----+
|Available        |      280|    220|  106400|  53200|    0|
+-----------------+---------+-------+--------+-------+-----+
|Utilization (%)  |    ~0   |      0|       3|     11|    0|
+-----------------+---------+-------+--------+-------+-----+

+ Detail: 
    * Instance: 
    +---------------------------------------+---------------------------------+---------+-------+---+------+-----+
    |                Instance               |              Module             | BRAM_18K| DSP48E| FF|  LUT | URAM|
    +---------------------------------------+---------------------------------+---------+-------+---+------+-----+
    |anomaly_detector_mux_646_32_1_1_U1624  |anomaly_detector_mux_646_32_1_1  |        0|      0|  0|  1362|    0|
    |anomaly_detector_mux_83_7_1_1_U1623    |anomaly_detector_mux_83_7_1_1    |        0|      0|  0|  1362|    0|
    +---------------------------------------+---------------------------------+---------+-------+---+------+-----+
    |Total                                  |                                 |        0|      0|  0|  2724|    0|
    +---------------------------------------+---------------------------------+---------+-------+---+------+-----+

    * DSP48E: 
    N/A

    * Memory: 
    +-----------+-----------------------------------------------------+---------+---+----+-----+------+-----+------+-------------+
    |   Memory  |                        Module                       | BRAM_18K| FF| LUT| URAM| Words| Bits| Banks| W*Bits*Banks|
    +-----------+-----------------------------------------------------+---------+---+----+-----+------+-----+------+-------------+
    |outidx4_U  |dense_resource_ap_fixed_ap_fixed_config22_s_outidx4  |        1|  0|   0|    0|   512|    6|     1|         3072|
    |w22_V_U    |dense_resource_ap_fixed_ap_fixed_config22_s_w22_V    |        1|  0|   0|    0|   512|    8|     1|         4096|
    +-----------+-----------------------------------------------------+---------+---+----+-----+------+-----+------+-------------+
    |Total      |                                                     |        2|  0|   0|    0|  1024|   14|     2|         7168|
    +-----------+-----------------------------------------------------+---------+---+----+-----+------+-----+------+-------------+

    * FIFO: 
    N/A

    * Expression: 
    +--------------------------+----------+-------+---+----+------------+------------+
    |       Variable Name      | Operation| DSP48E| FF| LUT| Bitwidth P0| Bitwidth P1|
    +--------------------------+----------+-------+---+----+------------+------------+
    |r_V_2_fu_28205_p2         |     *    |      0|  0|  41|           7|           8|
    |acc_0_V_fu_28356_p2       |     +    |      0|  0|  39|          32|          32|
    |in_index_fu_28163_p2      |     +    |      0|  0|  39|          32|           1|
    |w_index_fu_28157_p2       |     +    |      0|  0|  15|           1|           9|
    |ap_condition_751          |    and   |      0|  0|   2|           1|           1|
    |icmp_ln151_fu_28193_p2    |   icmp   |      0|  0|  13|           9|           2|
    |icmp_ln168_fu_28179_p2    |   icmp   |      0|  0|  18|          29|           1|
    |ap_block_state1           |    or    |      0|  0|   2|           1|           1|
    |select_ln168_fu_28185_p3  |  select  |      0|  0|  32|           1|           1|
    |ap_enable_pp0             |    xor   |      0|  0|   2|           1|           2|
    +--------------------------+----------+-------+---+----+------------+------------+
    |Total                     |          |      0|  0| 203|         114|          58|
    +--------------------------+----------+-------+---+----+------------+------------+

    * Multiplexer: 
    +------------------------------------------+----+-----------+-----+-----------+
    |                   Name                   | LUT| Input Size| Bits| Total Bits|
    +------------------------------------------+----+-----------+-----+-----------+
    |acc_0_V_080_reg_1789                      |   9|          2|   32|         64|
    |acc_10_V_070_reg_1929                     |   9|          2|   32|         64|
    |acc_11_V_069_reg_1943                     |   9|          2|   32|         64|
    |acc_12_V_068_reg_1957                     |   9|          2|   32|         64|
    |acc_13_V_067_reg_1971                     |   9|          2|   32|         64|
    |acc_14_V_066_reg_1985                     |   9|          2|   32|         64|
    |acc_15_V_065_reg_1999                     |   9|          2|   32|         64|
    |acc_16_V_064_reg_2013                     |   9|          2|   32|         64|
    |acc_17_V_063_reg_2027                     |   9|          2|   32|         64|
    |acc_18_V_062_reg_2041                     |   9|          2|   32|         64|
    |acc_19_V_061_reg_2055                     |   9|          2|   32|         64|
    |acc_1_V_079_reg_1803                      |   9|          2|   32|         64|
    |acc_20_V_060_reg_2069                     |   9|          2|   32|         64|
    |acc_21_V_059_reg_2083                     |   9|          2|   32|         64|
    |acc_22_V_058_reg_2097                     |   9|          2|   32|         64|
    |acc_23_V_057_reg_2111                     |   9|          2|   32|         64|
    |acc_24_V_056_reg_2125                     |   9|          2|   32|         64|
    |acc_25_V_055_reg_2139                     |   9|          2|   32|         64|
    |acc_26_V_054_reg_2153                     |   9|          2|   32|         64|
    |acc_27_V_053_reg_2167                     |   9|          2|   32|         64|
    |acc_28_V_052_reg_2181                     |   9|          2|   32|         64|
    |acc_29_V_051_reg_2195                     |   9|          2|   32|         64|
    |acc_2_V_078_reg_1817                      |   9|          2|   32|         64|
    |acc_30_V_050_reg_2209                     |   9|          2|   32|         64|
    |acc_31_V_049_reg_2223                     |   9|          2|   32|         64|
    |acc_32_V_048_reg_2237                     |   9|          2|   32|         64|
    |acc_33_V_047_reg_2251                     |   9|          2|   32|         64|
    |acc_34_V_046_reg_2265                     |   9|          2|   32|         64|
    |acc_35_V_045_reg_2279                     |   9|          2|   32|         64|
    |acc_36_V_044_reg_2293                     |   9|          2|   32|         64|
    |acc_37_V_043_reg_2307                     |   9|          2|   32|         64|
    |acc_38_V_042_reg_2321                     |   9|          2|   32|         64|
    |acc_39_V_041_reg_2335                     |   9|          2|   32|         64|
    |acc_3_V_077_reg_1831                      |   9|          2|   32|         64|
    |acc_40_V_040_reg_2349                     |   9|          2|   32|         64|
    |acc_41_V_039_reg_2363                     |   9|          2|   32|         64|
    |acc_42_V_038_reg_2377                     |   9|          2|   32|         64|
    |acc_43_V_037_reg_2391                     |   9|          2|   32|         64|
    |acc_44_V_036_reg_2405                     |   9|          2|   32|         64|
    |acc_45_V_035_reg_2419                     |   9|          2|   32|         64|
    |acc_46_V_034_reg_2433                     |   9|          2|   32|         64|
    |acc_47_V_033_reg_2447                     |   9|          2|   32|         64|
    |acc_48_V_032_reg_2461                     |   9|          2|   32|         64|
    |acc_49_V_031_reg_2475                     |   9|          2|   32|         64|
    |acc_4_V_076_reg_1845                      |   9|          2|   32|         64|
    |acc_50_V_030_reg_2489                     |   9|          2|   32|         64|
    |acc_51_V_029_reg_2503                     |   9|          2|   32|         64|
    |acc_52_V_028_reg_2517                     |   9|          2|   32|         64|
    |acc_53_V_027_reg_2531                     |   9|          2|   32|         64|
    |acc_54_V_026_reg_2545                     |   9|          2|   32|         64|
    |acc_55_V_025_reg_2559                     |   9|          2|   32|         64|
    |acc_56_V_024_reg_2573                     |   9|          2|   32|         64|
    |acc_57_V_023_reg_2587                     |   9|          2|   32|         64|
    |acc_58_V_022_reg_2601                     |   9|          2|   32|         64|
    |acc_59_V_021_reg_2615                     |   9|          2|   32|         64|
    |acc_5_V_075_reg_1859                      |   9|          2|   32|         64|
    |acc_60_V_020_reg_2629                     |   9|          2|   32|         64|
    |acc_61_V_019_reg_2643                     |   9|          2|   32|         64|
    |acc_62_V_018_reg_2657                     |   9|          2|   32|         64|
    |acc_63_V_017_reg_2671                     |   9|          2|   32|         64|
    |acc_6_V_074_reg_1873                      |   9|          2|   32|         64|
    |acc_7_V_073_reg_1887                      |   9|          2|   32|         64|
    |acc_8_V_072_reg_1901                      |   9|          2|   32|         64|
    |acc_9_V_071_reg_1915                      |   9|          2|   32|         64|
    |ap_NS_fsm                                 |  15|          3|    1|          3|
    |ap_done                                   |   9|          2|    1|          2|
    |ap_enable_reg_pp0_iter1                   |   9|          2|    1|          2|
    |ap_enable_reg_pp0_iter2                   |   9|          2|    1|          2|
    |ap_phi_mux_acc_0_V_1_phi_fu_15163_p128    |  15|          3|   32|         96|
    |ap_phi_mux_acc_10_V_1_phi_fu_13183_p128   |  15|          3|   32|         96|
    |ap_phi_mux_acc_11_V_1_phi_fu_12985_p128   |  15|          3|   32|         96|
    |ap_phi_mux_acc_12_V_1_phi_fu_12787_p128   |  15|          3|   32|         96|
    |ap_phi_mux_acc_13_V_1_phi_fu_12589_p128   |  15|          3|   32|         96|
    |ap_phi_mux_acc_14_V_1_phi_fu_12391_p128   |  15|          3|   32|         96|
    |ap_phi_mux_acc_15_V_1_phi_fu_12193_p128   |  15|          3|   32|         96|
    |ap_phi_mux_acc_16_V_1_phi_fu_11995_p128   |  15|          3|   32|         96|
    |ap_phi_mux_acc_17_V_1_phi_fu_11797_p128   |  15|          3|   32|         96|
    |ap_phi_mux_acc_18_V_1_phi_fu_11599_p128   |  15|          3|   32|         96|
    |ap_phi_mux_acc_19_V_1_phi_fu_11401_p128   |  15|          3|   32|         96|
    |ap_phi_mux_acc_1_V_1_phi_fu_14965_p128    |  15|          3|   32|         96|
    |ap_phi_mux_acc_20_V_1_phi_fu_11203_p128   |  15|          3|   32|         96|
    |ap_phi_mux_acc_21_V_1_phi_fu_11005_p128   |  15|          3|   32|         96|
    |ap_phi_mux_acc_22_V_1_phi_fu_10807_p128   |  15|          3|   32|         96|
    |ap_phi_mux_acc_23_V_1_phi_fu_10609_p128   |  15|          3|   32|         96|
    |ap_phi_mux_acc_24_V_1_phi_fu_10411_p128   |  15|          3|   32|         96|
    |ap_phi_mux_acc_25_V_1_phi_fu_10213_p128   |  15|          3|   32|         96|
    |ap_phi_mux_acc_26_V_1_phi_fu_10015_p128   |  15|          3|   32|         96|
    |ap_phi_mux_acc_27_V_1_phi_fu_9817_p128    |  15|          3|   32|         96|
    |ap_phi_mux_acc_28_V_1_phi_fu_9619_p128    |  15|          3|   32|         96|
    |ap_phi_mux_acc_29_V_1_phi_fu_9421_p128    |  15|          3|   32|         96|
    |ap_phi_mux_acc_2_V_1_phi_fu_14767_p128    |  15|          3|   32|         96|
    |ap_phi_mux_acc_30_V_1_phi_fu_9223_p128    |  15|          3|   32|         96|
    |ap_phi_mux_acc_31_V_1_phi_fu_9025_p128    |  15|          3|   32|         96|
    |ap_phi_mux_acc_32_V_1_phi_fu_8827_p128    |  15|          3|   32|         96|
    |ap_phi_mux_acc_33_V_1_phi_fu_8629_p128    |  15|          3|   32|         96|
    |ap_phi_mux_acc_34_V_1_phi_fu_8431_p128    |  15|          3|   32|         96|
    |ap_phi_mux_acc_35_V_1_phi_fu_8233_p128    |  15|          3|   32|         96|
    |ap_phi_mux_acc_36_V_1_phi_fu_8035_p128    |  15|          3|   32|         96|
    |ap_phi_mux_acc_37_V_1_phi_fu_7837_p128    |  15|          3|   32|         96|
    |ap_phi_mux_acc_38_V_1_phi_fu_7639_p128    |  15|          3|   32|         96|
    |ap_phi_mux_acc_39_V_1_phi_fu_7441_p128    |  15|          3|   32|         96|
    |ap_phi_mux_acc_3_V_1_phi_fu_14569_p128    |  15|          3|   32|         96|
    |ap_phi_mux_acc_40_V_1_phi_fu_7243_p128    |  15|          3|   32|         96|
    |ap_phi_mux_acc_41_V_1_phi_fu_7045_p128    |  15|          3|   32|         96|
    |ap_phi_mux_acc_42_V_1_phi_fu_6847_p128    |  15|          3|   32|         96|
    |ap_phi_mux_acc_43_V_1_phi_fu_6649_p128    |  15|          3|   32|         96|
    |ap_phi_mux_acc_44_V_1_phi_fu_6451_p128    |  15|          3|   32|         96|
    |ap_phi_mux_acc_45_V_1_phi_fu_6253_p128    |  15|          3|   32|         96|
    |ap_phi_mux_acc_46_V_1_phi_fu_6055_p128    |  15|          3|   32|         96|
    |ap_phi_mux_acc_47_V_1_phi_fu_5857_p128    |  15|          3|   32|         96|
    |ap_phi_mux_acc_48_V_1_phi_fu_5659_p128    |  15|          3|   32|         96|
    |ap_phi_mux_acc_49_V_1_phi_fu_5461_p128    |  15|          3|   32|         96|
    |ap_phi_mux_acc_4_V_1_phi_fu_14371_p128    |  15|          3|   32|         96|
    |ap_phi_mux_acc_50_V_1_phi_fu_5263_p128    |  15|          3|   32|         96|
    |ap_phi_mux_acc_51_V_1_phi_fu_5065_p128    |  15|          3|   32|         96|
    |ap_phi_mux_acc_52_V_1_phi_fu_4867_p128    |  15|          3|   32|         96|
    |ap_phi_mux_acc_53_V_1_phi_fu_4669_p128    |  15|          3|   32|         96|
    |ap_phi_mux_acc_54_V_1_phi_fu_4471_p128    |  15|          3|   32|         96|
    |ap_phi_mux_acc_55_V_1_phi_fu_4273_p128    |  15|          3|   32|         96|
    |ap_phi_mux_acc_56_V_1_phi_fu_4075_p128    |  15|          3|   32|         96|
    |ap_phi_mux_acc_57_V_1_phi_fu_3877_p128    |  15|          3|   32|         96|
    |ap_phi_mux_acc_58_V_1_phi_fu_3679_p128    |  15|          3|   32|         96|
    |ap_phi_mux_acc_59_V_1_phi_fu_3481_p128    |  15|          3|   32|         96|
    |ap_phi_mux_acc_5_V_1_phi_fu_14173_p128    |  15|          3|   32|         96|
    |ap_phi_mux_acc_60_V_1_phi_fu_3283_p128    |  15|          3|   32|         96|
    |ap_phi_mux_acc_61_V_1_phi_fu_3085_p128    |  15|          3|   32|         96|
    |ap_phi_mux_acc_62_V_1_phi_fu_2887_p128    |  15|          3|   32|         96|
    |ap_phi_mux_acc_63_V_1_phi_fu_2689_p128    |  15|          3|   32|         96|
    |ap_phi_mux_acc_6_V_1_phi_fu_13975_p128    |  15|          3|   32|         96|
    |ap_phi_mux_acc_7_V_1_phi_fu_13777_p128    |  15|          3|   32|         96|
    |ap_phi_mux_acc_8_V_1_phi_fu_13579_p128    |  15|          3|   32|         96|
    |ap_phi_mux_acc_9_V_1_phi_fu_13381_p128    |  15|          3|   32|         96|
    |ap_phi_mux_in_index_0_i210_phi_fu_869_p6  |  15|          3|   32|         96|
    |ap_phi_mux_p_0_08399_phi_fu_27898_p128    |  15|          3|   32|         96|
    |ap_phi_mux_p_0_108419_phi_fu_25908_p128   |  15|          3|   32|         96|
    |ap_phi_mux_p_0_118421_phi_fu_25709_p128   |  15|          3|   32|         96|
    |ap_phi_mux_p_0_128423_phi_fu_25510_p128   |  15|          3|   32|         96|
    |ap_phi_mux_p_0_138425_phi_fu_25311_p128   |  15|          3|   32|         96|
    |ap_phi_mux_p_0_148427_phi_fu_25112_p128   |  15|          3|   32|         96|
    |ap_phi_mux_p_0_158429_phi_fu_24913_p128   |  15|          3|   32|         96|
    |ap_phi_mux_p_0_168431_phi_fu_24714_p128   |  15|          3|   32|         96|
    |ap_phi_mux_p_0_178433_phi_fu_24515_p128   |  15|          3|   32|         96|
    |ap_phi_mux_p_0_18401_phi_fu_27699_p128    |  15|          3|   32|         96|
    |ap_phi_mux_p_0_188435_phi_fu_24316_p128   |  15|          3|   32|         96|
    |ap_phi_mux_p_0_198437_phi_fu_24117_p128   |  15|          3|   32|         96|
    |ap_phi_mux_p_0_208439_phi_fu_23918_p128   |  15|          3|   32|         96|
    |ap_phi_mux_p_0_218441_phi_fu_23719_p128   |  15|          3|   32|         96|
    |ap_phi_mux_p_0_228443_phi_fu_23520_p128   |  15|          3|   32|         96|
    |ap_phi_mux_p_0_238445_phi_fu_23321_p128   |  15|          3|   32|         96|
    |ap_phi_mux_p_0_248447_phi_fu_23122_p128   |  15|          3|   32|         96|
    |ap_phi_mux_p_0_258449_phi_fu_22923_p128   |  15|          3|   32|         96|
    |ap_phi_mux_p_0_268451_phi_fu_22724_p128   |  15|          3|   32|         96|
    |ap_phi_mux_p_0_278453_phi_fu_22525_p128   |  15|          3|   32|         96|
    |ap_phi_mux_p_0_28403_phi_fu_27500_p128    |  15|          3|   32|         96|
    |ap_phi_mux_p_0_288455_phi_fu_22326_p128   |  15|          3|   32|         96|
    |ap_phi_mux_p_0_298457_phi_fu_22127_p128   |  15|          3|   32|         96|
    |ap_phi_mux_p_0_308459_phi_fu_21928_p128   |  15|          3|   32|         96|
    |ap_phi_mux_p_0_318461_phi_fu_21729_p128   |  15|          3|   32|         96|
    |ap_phi_mux_p_0_328463_phi_fu_21530_p128   |  15|          3|   32|         96|
    |ap_phi_mux_p_0_338465_phi_fu_21331_p128   |  15|          3|   32|         96|
    |ap_phi_mux_p_0_348467_phi_fu_21132_p128   |  15|          3|   32|         96|
    |ap_phi_mux_p_0_358469_phi_fu_20933_p128   |  15|          3|   32|         96|
    |ap_phi_mux_p_0_368471_phi_fu_20734_p128   |  15|          3|   32|         96|
    |ap_phi_mux_p_0_378473_phi_fu_20535_p128   |  15|          3|   32|         96|
    |ap_phi_mux_p_0_38405_phi_fu_27301_p128    |  15|          3|   32|         96|
    |ap_phi_mux_p_0_388475_phi_fu_20336_p128   |  15|          3|   32|         96|
    |ap_phi_mux_p_0_398477_phi_fu_20137_p128   |  15|          3|   32|         96|
    |ap_phi_mux_p_0_408479_phi_fu_19938_p128   |  15|          3|   32|         96|
    |ap_phi_mux_p_0_418481_phi_fu_19739_p128   |  15|          3|   32|         96|
    |ap_phi_mux_p_0_428483_phi_fu_19540_p128   |  15|          3|   32|         96|
    |ap_phi_mux_p_0_438485_phi_fu_19341_p128   |  15|          3|   32|         96|
    |ap_phi_mux_p_0_448487_phi_fu_19142_p128   |  15|          3|   32|         96|
    |ap_phi_mux_p_0_458489_phi_fu_18943_p128   |  15|          3|   32|         96|
    |ap_phi_mux_p_0_468491_phi_fu_18744_p128   |  15|          3|   32|         96|
    |ap_phi_mux_p_0_478493_phi_fu_18545_p128   |  15|          3|   32|         96|
    |ap_phi_mux_p_0_48407_phi_fu_27102_p128    |  15|          3|   32|         96|
    |ap_phi_mux_p_0_488495_phi_fu_18346_p128   |  15|          3|   32|         96|
    |ap_phi_mux_p_0_498497_phi_fu_18147_p128   |  15|          3|   32|         96|
    |ap_phi_mux_p_0_508499_phi_fu_17948_p128   |  15|          3|   32|         96|
    |ap_phi_mux_p_0_518501_phi_fu_17749_p128   |  15|          3|   32|         96|
    |ap_phi_mux_p_0_528503_phi_fu_17550_p128   |  15|          3|   32|         96|
    |ap_phi_mux_p_0_538505_phi_fu_17351_p128   |  15|          3|   32|         96|
    |ap_phi_mux_p_0_548507_phi_fu_17152_p128   |  15|          3|   32|         96|
    |ap_phi_mux_p_0_558509_phi_fu_16953_p128   |  15|          3|   32|         96|
    |ap_phi_mux_p_0_568511_phi_fu_16754_p128   |  15|          3|   32|         96|
    |ap_phi_mux_p_0_578513_phi_fu_16555_p128   |  15|          3|   32|         96|
    |ap_phi_mux_p_0_58409_phi_fu_26903_p128    |  15|          3|   32|         96|
    |ap_phi_mux_p_0_588515_phi_fu_16356_p128   |  15|          3|   32|         96|
    |ap_phi_mux_p_0_598517_phi_fu_16157_p128   |  15|          3|   32|         96|
    |ap_phi_mux_p_0_608519_phi_fu_15958_p128   |  15|          3|   32|         96|
    |ap_phi_mux_p_0_618521_phi_fu_15759_p128   |  15|          3|   32|         96|
    |ap_phi_mux_p_0_628523_phi_fu_15560_p128   |  15|          3|   32|         96|
    |ap_phi_mux_p_0_638525_phi_fu_15361_p128   |  15|          3|   32|         96|
    |ap_phi_mux_p_0_68411_phi_fu_26704_p128    |  15|          3|   32|         96|
    |ap_phi_mux_p_0_78413_phi_fu_26505_p128    |  15|          3|   32|         96|
    |ap_phi_mux_p_0_88415_phi_fu_26306_p128    |  15|          3|   32|         96|
    |ap_phi_mux_p_0_98417_phi_fu_26107_p128    |  15|          3|   32|         96|
    |ap_phi_mux_w_index209_phi_fu_883_p6       |  15|          3|    9|         27|
    |in_index_0_i210_reg_865                   |   9|          2|   32|         64|
    |p_0_0208_reg_893                          |   9|          2|   32|         64|
    |p_0_10188_reg_1033                        |   9|          2|   32|         64|
    |p_0_11186_reg_1047                        |   9|          2|   32|         64|
    |p_0_1206_reg_907                          |   9|          2|   32|         64|
    |p_0_12184_reg_1061                        |   9|          2|   32|         64|
    |p_0_13182_reg_1075                        |   9|          2|   32|         64|
    |p_0_14180_reg_1089                        |   9|          2|   32|         64|
    |p_0_15178_reg_1103                        |   9|          2|   32|         64|
    |p_0_16176_reg_1117                        |   9|          2|   32|         64|
    |p_0_17174_reg_1131                        |   9|          2|   32|         64|
    |p_0_18172_reg_1145                        |   9|          2|   32|         64|
    |p_0_19170_reg_1159                        |   9|          2|   32|         64|
    |p_0_20168_reg_1173                        |   9|          2|   32|         64|
    |p_0_21166_reg_1187                        |   9|          2|   32|         64|
    |p_0_2204_reg_921                          |   9|          2|   32|         64|
    |p_0_22164_reg_1201                        |   9|          2|   32|         64|
    |p_0_23162_reg_1215                        |   9|          2|   32|         64|
    |p_0_24160_reg_1229                        |   9|          2|   32|         64|
    |p_0_25158_reg_1243                        |   9|          2|   32|         64|
    |p_0_26156_reg_1257                        |   9|          2|   32|         64|
    |p_0_27154_reg_1271                        |   9|          2|   32|         64|
    |p_0_28152_reg_1285                        |   9|          2|   32|         64|
    |p_0_29150_reg_1299                        |   9|          2|   32|         64|
    |p_0_30148_reg_1313                        |   9|          2|   32|         64|
    |p_0_31146_reg_1327                        |   9|          2|   32|         64|
    |p_0_3202_reg_935                          |   9|          2|   32|         64|
    |p_0_32144_reg_1341                        |   9|          2|   32|         64|
    |p_0_33142_reg_1355                        |   9|          2|   32|         64|
    |p_0_34140_reg_1369                        |   9|          2|   32|         64|
    |p_0_35138_reg_1383                        |   9|          2|   32|         64|
    |p_0_36136_reg_1397                        |   9|          2|   32|         64|
    |p_0_37134_reg_1411                        |   9|          2|   32|         64|
    |p_0_38132_reg_1425                        |   9|          2|   32|         64|
    |p_0_39130_reg_1439                        |   9|          2|   32|         64|
    |p_0_40128_reg_1453                        |   9|          2|   32|         64|
    |p_0_41126_reg_1467                        |   9|          2|   32|         64|
    |p_0_4200_reg_949                          |   9|          2|   32|         64|
    |p_0_42124_reg_1481                        |   9|          2|   32|         64|
    |p_0_43122_reg_1495                        |   9|          2|   32|         64|
    |p_0_44120_reg_1509                        |   9|          2|   32|         64|
    |p_0_45118_reg_1523                        |   9|          2|   32|         64|
    |p_0_46116_reg_1537                        |   9|          2|   32|         64|
    |p_0_47114_reg_1551                        |   9|          2|   32|         64|
    |p_0_48112_reg_1565                        |   9|          2|   32|         64|
    |p_0_49110_reg_1579                        |   9|          2|   32|         64|
    |p_0_50108_reg_1593                        |   9|          2|   32|         64|
    |p_0_51106_reg_1607                        |   9|          2|   32|         64|
    |p_0_5198_reg_963                          |   9|          2|   32|         64|
    |p_0_52104_reg_1621                        |   9|          2|   32|         64|
    |p_0_53102_reg_1635                        |   9|          2|   32|         64|
    |p_0_54100_reg_1649                        |   9|          2|   32|         64|
    |p_0_5598_reg_1663                         |   9|          2|   32|         64|
    |p_0_5696_reg_1677                         |   9|          2|   32|         64|
    |p_0_5794_reg_1691                         |   9|          2|   32|         64|
    |p_0_5892_reg_1705                         |   9|          2|   32|         64|
    |p_0_5990_reg_1719                         |   9|          2|   32|         64|
    |p_0_6088_reg_1733                         |   9|          2|   32|         64|
    |p_0_6186_reg_1747                         |   9|          2|   32|         64|
    |p_0_6196_reg_977                          |   9|          2|   32|         64|
    |p_0_6284_reg_1761                         |   9|          2|   32|         64|
    |p_0_6382_reg_1775                         |   9|          2|   32|         64|
    |p_0_7194_reg_991                          |   9|          2|   32|         64|
    |p_0_8192_reg_1005                         |   9|          2|   32|         64|
    |p_0_9190_reg_1019                         |   9|          2|   32|         64|
    |w_index209_reg_879                        |   9|          2|    9|         18|
    +------------------------------------------+----+-----------+-----+-----------+
    |Total                                     |3162|        659| 8278|      20694|
    +------------------------------------------+----+-----------+-----+-----------+

    * Register: 
    +------------------------------------+----+----+-----+-----------+
    |                Name                | FF | LUT| Bits| Const Bits|
    +------------------------------------+----+----+-----+-----------+
    |acc_0_V_080_reg_1789                |  32|   0|   32|          0|
    |acc_10_V_070_reg_1929               |  32|   0|   32|          0|
    |acc_11_V_069_reg_1943               |  32|   0|   32|          0|
    |acc_12_V_068_reg_1957               |  32|   0|   32|          0|
    |acc_13_V_067_reg_1971               |  32|   0|   32|          0|
    |acc_14_V_066_reg_1985               |  32|   0|   32|          0|
    |acc_15_V_065_reg_1999               |  32|   0|   32|          0|
    |acc_16_V_064_reg_2013               |  32|   0|   32|          0|
    |acc_17_V_063_reg_2027               |  32|   0|   32|          0|
    |acc_18_V_062_reg_2041               |  32|   0|   32|          0|
    |acc_19_V_061_reg_2055               |  32|   0|   32|          0|
    |acc_1_V_079_reg_1803                |  32|   0|   32|          0|
    |acc_20_V_060_reg_2069               |  32|   0|   32|          0|
    |acc_21_V_059_reg_2083               |  32|   0|   32|          0|
    |acc_22_V_058_reg_2097               |  32|   0|   32|          0|
    |acc_23_V_057_reg_2111               |  32|   0|   32|          0|
    |acc_24_V_056_reg_2125               |  32|   0|   32|          0|
    |acc_25_V_055_reg_2139               |  32|   0|   32|          0|
    |acc_26_V_054_reg_2153               |  32|   0|   32|          0|
    |acc_27_V_053_reg_2167               |  32|   0|   32|          0|
    |acc_28_V_052_reg_2181               |  32|   0|   32|          0|
    |acc_29_V_051_reg_2195               |  32|   0|   32|          0|
    |acc_2_V_078_reg_1817                |  32|   0|   32|          0|
    |acc_30_V_050_reg_2209               |  32|   0|   32|          0|
    |acc_31_V_049_reg_2223               |  32|   0|   32|          0|
    |acc_32_V_048_reg_2237               |  32|   0|   32|          0|
    |acc_33_V_047_reg_2251               |  32|   0|   32|          0|
    |acc_34_V_046_reg_2265               |  32|   0|   32|          0|
    |acc_35_V_045_reg_2279               |  32|   0|   32|          0|
    |acc_36_V_044_reg_2293               |  32|   0|   32|          0|
    |acc_37_V_043_reg_2307               |  32|   0|   32|          0|
    |acc_38_V_042_reg_2321               |  32|   0|   32|          0|
    |acc_39_V_041_reg_2335               |  32|   0|   32|          0|
    |acc_3_V_077_reg_1831                |  32|   0|   32|          0|
    |acc_40_V_040_reg_2349               |  32|   0|   32|          0|
    |acc_41_V_039_reg_2363               |  32|   0|   32|          0|
    |acc_42_V_038_reg_2377               |  32|   0|   32|          0|
    |acc_43_V_037_reg_2391               |  32|   0|   32|          0|
    |acc_44_V_036_reg_2405               |  32|   0|   32|          0|
    |acc_45_V_035_reg_2419               |  32|   0|   32|          0|
    |acc_46_V_034_reg_2433               |  32|   0|   32|          0|
    |acc_47_V_033_reg_2447               |  32|   0|   32|          0|
    |acc_48_V_032_reg_2461               |  32|   0|   32|          0|
    |acc_49_V_031_reg_2475               |  32|   0|   32|          0|
    |acc_4_V_076_reg_1845                |  32|   0|   32|          0|
    |acc_50_V_030_reg_2489               |  32|   0|   32|          0|
    |acc_51_V_029_reg_2503               |  32|   0|   32|          0|
    |acc_52_V_028_reg_2517               |  32|   0|   32|          0|
    |acc_53_V_027_reg_2531               |  32|   0|   32|          0|
    |acc_54_V_026_reg_2545               |  32|   0|   32|          0|
    |acc_55_V_025_reg_2559               |  32|   0|   32|          0|
    |acc_56_V_024_reg_2573               |  32|   0|   32|          0|
    |acc_57_V_023_reg_2587               |  32|   0|   32|          0|
    |acc_58_V_022_reg_2601               |  32|   0|   32|          0|
    |acc_59_V_021_reg_2615               |  32|   0|   32|          0|
    |acc_5_V_075_reg_1859                |  32|   0|   32|          0|
    |acc_60_V_020_reg_2629               |  32|   0|   32|          0|
    |acc_61_V_019_reg_2643               |  32|   0|   32|          0|
    |acc_62_V_018_reg_2657               |  32|   0|   32|          0|
    |acc_63_V_017_reg_2671               |  32|   0|   32|          0|
    |acc_6_V_074_reg_1873                |  32|   0|   32|          0|
    |acc_7_V_073_reg_1887                |  32|   0|   32|          0|
    |acc_8_V_072_reg_1901                |  32|   0|   32|          0|
    |acc_9_V_071_reg_1915                |  32|   0|   32|          0|
    |ap_CS_fsm                           |   2|   0|    2|          0|
    |ap_done_reg                         |   1|   0|    1|          0|
    |ap_enable_reg_pp0_iter1             |   1|   0|    1|          0|
    |ap_enable_reg_pp0_iter2             |   1|   0|    1|          0|
    |icmp_ln151_reg_28517                |   1|   0|    1|          0|
    |icmp_ln151_reg_28517_pp0_iter1_reg  |   1|   0|    1|          0|
    |in_index_0_i210_reg_865             |  32|   0|   32|          0|
    |out_index_reg_28521                 |   6|   0|    6|          0|
    |p_0_0208_reg_893                    |  32|   0|   32|          0|
    |p_0_10188_reg_1033                  |  32|   0|   32|          0|
    |p_0_11186_reg_1047                  |  32|   0|   32|          0|
    |p_0_1206_reg_907                    |  32|   0|   32|          0|
    |p_0_12184_reg_1061                  |  32|   0|   32|          0|
    |p_0_13182_reg_1075                  |  32|   0|   32|          0|
    |p_0_14180_reg_1089                  |  32|   0|   32|          0|
    |p_0_15178_reg_1103                  |  32|   0|   32|          0|
    |p_0_16176_reg_1117                  |  32|   0|   32|          0|
    |p_0_17174_reg_1131                  |  32|   0|   32|          0|
    |p_0_18172_reg_1145                  |  32|   0|   32|          0|
    |p_0_19170_reg_1159                  |  32|   0|   32|          0|
    |p_0_20168_reg_1173                  |  32|   0|   32|          0|
    |p_0_21166_reg_1187                  |  32|   0|   32|          0|
    |p_0_2204_reg_921                    |  32|   0|   32|          0|
    |p_0_22164_reg_1201                  |  32|   0|   32|          0|
    |p_0_23162_reg_1215                  |  32|   0|   32|          0|
    |p_0_24160_reg_1229                  |  32|   0|   32|          0|
    |p_0_25158_reg_1243                  |  32|   0|   32|          0|
    |p_0_26156_reg_1257                  |  32|   0|   32|          0|
    |p_0_27154_reg_1271                  |  32|   0|   32|          0|
    |p_0_28152_reg_1285                  |  32|   0|   32|          0|
    |p_0_29150_reg_1299                  |  32|   0|   32|          0|
    |p_0_30148_reg_1313                  |  32|   0|   32|          0|
    |p_0_31146_reg_1327                  |  32|   0|   32|          0|
    |p_0_3202_reg_935                    |  32|   0|   32|          0|
    |p_0_32144_reg_1341                  |  32|   0|   32|          0|
    |p_0_33142_reg_1355                  |  32|   0|   32|          0|
    |p_0_34140_reg_1369                  |  32|   0|   32|          0|
    |p_0_35138_reg_1383                  |  32|   0|   32|          0|
    |p_0_36136_reg_1397                  |  32|   0|   32|          0|
    |p_0_37134_reg_1411                  |  32|   0|   32|          0|
    |p_0_38132_reg_1425                  |  32|   0|   32|          0|
    |p_0_39130_reg_1439                  |  32|   0|   32|          0|
    |p_0_40128_reg_1453                  |  32|   0|   32|          0|
    |p_0_41126_reg_1467                  |  32|   0|   32|          0|
    |p_0_4200_reg_949                    |  32|   0|   32|          0|
    |p_0_42124_reg_1481                  |  32|   0|   32|          0|
    |p_0_43122_reg_1495                  |  32|   0|   32|          0|
    |p_0_44120_reg_1509                  |  32|   0|   32|          0|
    |p_0_45118_reg_1523                  |  32|   0|   32|          0|
    |p_0_46116_reg_1537                  |  32|   0|   32|          0|
    |p_0_47114_reg_1551                  |  32|   0|   32|          0|
    |p_0_48112_reg_1565                  |  32|   0|   32|          0|
    |p_0_49110_reg_1579                  |  32|   0|   32|          0|
    |p_0_50108_reg_1593                  |  32|   0|   32|          0|
    |p_0_51106_reg_1607                  |  32|   0|   32|          0|
    |p_0_5198_reg_963                    |  32|   0|   32|          0|
    |p_0_52104_reg_1621                  |  32|   0|   32|          0|
    |p_0_53102_reg_1635                  |  32|   0|   32|          0|
    |p_0_54100_reg_1649                  |  32|   0|   32|          0|
    |p_0_5598_reg_1663                   |  32|   0|   32|          0|
    |p_0_5696_reg_1677                   |  32|   0|   32|          0|
    |p_0_5794_reg_1691                   |  32|   0|   32|          0|
    |p_0_5892_reg_1705                   |  32|   0|   32|          0|
    |p_0_5990_reg_1719                   |  32|   0|   32|          0|
    |p_0_6088_reg_1733                   |  32|   0|   32|          0|
    |p_0_6186_reg_1747                   |  32|   0|   32|          0|
    |p_0_6196_reg_977                    |  32|   0|   32|          0|
    |p_0_6284_reg_1761                   |  32|   0|   32|          0|
    |p_0_6382_reg_1775                   |  32|   0|   32|          0|
    |p_0_7194_reg_991                    |  32|   0|   32|          0|
    |p_0_8192_reg_1005                   |  32|   0|   32|          0|
    |p_0_9190_reg_1019                   |  32|   0|   32|          0|
    |select_ln168_reg_28512              |  32|   0|   32|          0|
    |tmp_s_reg_28497                     |   7|   0|    7|          0|
    |tmp_s_reg_28497_pp0_iter1_reg       |   7|   0|    7|          0|
    |w22_V_load_reg_28526                |   8|   0|    8|          0|
    |w_index209_reg_879                  |   9|   0|    9|          0|
    |w_index_reg_28507                   |   9|   0|    9|          0|
    +------------------------------------+----+----+-----+-----------+
    |Total                               |4213|   0| 4213|          0|
    +------------------------------------+----+----+-----+-----------+



================================================================
== Interface
================================================================
* Summary: 
+-----------------+-----+-----+------------+--------------------------------------------+--------------+
|    RTL Ports    | Dir | Bits|  Protocol  |                Source Object               |    C Type    |
+-----------------+-----+-----+------------+--------------------------------------------+--------------+
|ap_clk           |  in |    1| ap_ctrl_hs | dense_resource<ap_fixed,ap_fixed,config22> | return value |
|ap_rst           |  in |    1| ap_ctrl_hs | dense_resource<ap_fixed,ap_fixed,config22> | return value |
|ap_start         |  in |    1| ap_ctrl_hs | dense_resource<ap_fixed,ap_fixed,config22> | return value |
|ap_done          | out |    1| ap_ctrl_hs | dense_resource<ap_fixed,ap_fixed,config22> | return value |
|ap_continue      |  in |    1| ap_ctrl_hs | dense_resource<ap_fixed,ap_fixed,config22> | return value |
|ap_idle          | out |    1| ap_ctrl_hs | dense_resource<ap_fixed,ap_fixed,config22> | return value |
|ap_ready         | out |    1| ap_ctrl_hs | dense_resource<ap_fixed,ap_fixed,config22> | return value |
|data_0_V         |  in |    6|   ap_none  |                  data_0_V                  |    pointer   |
|data_1_V         |  in |    6|   ap_none  |                  data_1_V                  |    pointer   |
|data_2_V         |  in |    6|   ap_none  |                  data_2_V                  |    pointer   |
|data_3_V         |  in |    6|   ap_none  |                  data_3_V                  |    pointer   |
|data_4_V         |  in |    6|   ap_none  |                  data_4_V                  |    pointer   |
|data_5_V         |  in |    6|   ap_none  |                  data_5_V                  |    pointer   |
|data_6_V         |  in |    6|   ap_none  |                  data_6_V                  |    pointer   |
|data_7_V         |  in |    6|   ap_none  |                  data_7_V                  |    pointer   |
|res_0_V          | out |   32|   ap_vld   |                   res_0_V                  |    pointer   |
|res_0_V_ap_vld   | out |    1|   ap_vld   |                   res_0_V                  |    pointer   |
|res_1_V          | out |   32|   ap_vld   |                   res_1_V                  |    pointer   |
|res_1_V_ap_vld   | out |    1|   ap_vld   |                   res_1_V                  |    pointer   |
|res_2_V          | out |   32|   ap_vld   |                   res_2_V                  |    pointer   |
|res_2_V_ap_vld   | out |    1|   ap_vld   |                   res_2_V                  |    pointer   |
|res_3_V          | out |   32|   ap_vld   |                   res_3_V                  |    pointer   |
|res_3_V_ap_vld   | out |    1|   ap_vld   |                   res_3_V                  |    pointer   |
|res_4_V          | out |   32|   ap_vld   |                   res_4_V                  |    pointer   |
|res_4_V_ap_vld   | out |    1|   ap_vld   |                   res_4_V                  |    pointer   |
|res_5_V          | out |   32|   ap_vld   |                   res_5_V                  |    pointer   |
|res_5_V_ap_vld   | out |    1|   ap_vld   |                   res_5_V                  |    pointer   |
|res_6_V          | out |   32|   ap_vld   |                   res_6_V                  |    pointer   |
|res_6_V_ap_vld   | out |    1|   ap_vld   |                   res_6_V                  |    pointer   |
|res_7_V          | out |   32|   ap_vld   |                   res_7_V                  |    pointer   |
|res_7_V_ap_vld   | out |    1|   ap_vld   |                   res_7_V                  |    pointer   |
|res_8_V          | out |   32|   ap_vld   |                   res_8_V                  |    pointer   |
|res_8_V_ap_vld   | out |    1|   ap_vld   |                   res_8_V                  |    pointer   |
|res_9_V          | out |   32|   ap_vld   |                   res_9_V                  |    pointer   |
|res_9_V_ap_vld   | out |    1|   ap_vld   |                   res_9_V                  |    pointer   |
|res_10_V         | out |   32|   ap_vld   |                  res_10_V                  |    pointer   |
|res_10_V_ap_vld  | out |    1|   ap_vld   |                  res_10_V                  |    pointer   |
|res_11_V         | out |   32|   ap_vld   |                  res_11_V                  |    pointer   |
|res_11_V_ap_vld  | out |    1|   ap_vld   |                  res_11_V                  |    pointer   |
|res_12_V         | out |   32|   ap_vld   |                  res_12_V                  |    pointer   |
|res_12_V_ap_vld  | out |    1|   ap_vld   |                  res_12_V                  |    pointer   |
|res_13_V         | out |   32|   ap_vld   |                  res_13_V                  |    pointer   |
|res_13_V_ap_vld  | out |    1|   ap_vld   |                  res_13_V                  |    pointer   |
|res_14_V         | out |   32|   ap_vld   |                  res_14_V                  |    pointer   |
|res_14_V_ap_vld  | out |    1|   ap_vld   |                  res_14_V                  |    pointer   |
|res_15_V         | out |   32|   ap_vld   |                  res_15_V                  |    pointer   |
|res_15_V_ap_vld  | out |    1|   ap_vld   |                  res_15_V                  |    pointer   |
|res_16_V         | out |   32|   ap_vld   |                  res_16_V                  |    pointer   |
|res_16_V_ap_vld  | out |    1|   ap_vld   |                  res_16_V                  |    pointer   |
|res_17_V         | out |   32|   ap_vld   |                  res_17_V                  |    pointer   |
|res_17_V_ap_vld  | out |    1|   ap_vld   |                  res_17_V                  |    pointer   |
|res_18_V         | out |   32|   ap_vld   |                  res_18_V                  |    pointer   |
|res_18_V_ap_vld  | out |    1|   ap_vld   |                  res_18_V                  |    pointer   |
|res_19_V         | out |   32|   ap_vld   |                  res_19_V                  |    pointer   |
|res_19_V_ap_vld  | out |    1|   ap_vld   |                  res_19_V                  |    pointer   |
|res_20_V         | out |   32|   ap_vld   |                  res_20_V                  |    pointer   |
|res_20_V_ap_vld  | out |    1|   ap_vld   |                  res_20_V                  |    pointer   |
|res_21_V         | out |   32|   ap_vld   |                  res_21_V                  |    pointer   |
|res_21_V_ap_vld  | out |    1|   ap_vld   |                  res_21_V                  |    pointer   |
|res_22_V         | out |   32|   ap_vld   |                  res_22_V                  |    pointer   |
|res_22_V_ap_vld  | out |    1|   ap_vld   |                  res_22_V                  |    pointer   |
|res_23_V         | out |   32|   ap_vld   |                  res_23_V                  |    pointer   |
|res_23_V_ap_vld  | out |    1|   ap_vld   |                  res_23_V                  |    pointer   |
|res_24_V         | out |   32|   ap_vld   |                  res_24_V                  |    pointer   |
|res_24_V_ap_vld  | out |    1|   ap_vld   |                  res_24_V                  |    pointer   |
|res_25_V         | out |   32|   ap_vld   |                  res_25_V                  |    pointer   |
|res_25_V_ap_vld  | out |    1|   ap_vld   |                  res_25_V                  |    pointer   |
|res_26_V         | out |   32|   ap_vld   |                  res_26_V                  |    pointer   |
|res_26_V_ap_vld  | out |    1|   ap_vld   |                  res_26_V                  |    pointer   |
|res_27_V         | out |   32|   ap_vld   |                  res_27_V                  |    pointer   |
|res_27_V_ap_vld  | out |    1|   ap_vld   |                  res_27_V                  |    pointer   |
|res_28_V         | out |   32|   ap_vld   |                  res_28_V                  |    pointer   |
|res_28_V_ap_vld  | out |    1|   ap_vld   |                  res_28_V                  |    pointer   |
|res_29_V         | out |   32|   ap_vld   |                  res_29_V                  |    pointer   |
|res_29_V_ap_vld  | out |    1|   ap_vld   |                  res_29_V                  |    pointer   |
|res_30_V         | out |   32|   ap_vld   |                  res_30_V                  |    pointer   |
|res_30_V_ap_vld  | out |    1|   ap_vld   |                  res_30_V                  |    pointer   |
|res_31_V         | out |   32|   ap_vld   |                  res_31_V                  |    pointer   |
|res_31_V_ap_vld  | out |    1|   ap_vld   |                  res_31_V                  |    pointer   |
|res_32_V         | out |   32|   ap_vld   |                  res_32_V                  |    pointer   |
|res_32_V_ap_vld  | out |    1|   ap_vld   |                  res_32_V                  |    pointer   |
|res_33_V         | out |   32|   ap_vld   |                  res_33_V                  |    pointer   |
|res_33_V_ap_vld  | out |    1|   ap_vld   |                  res_33_V                  |    pointer   |
|res_34_V         | out |   32|   ap_vld   |                  res_34_V                  |    pointer   |
|res_34_V_ap_vld  | out |    1|   ap_vld   |                  res_34_V                  |    pointer   |
|res_35_V         | out |   32|   ap_vld   |                  res_35_V                  |    pointer   |
|res_35_V_ap_vld  | out |    1|   ap_vld   |                  res_35_V                  |    pointer   |
|res_36_V         | out |   32|   ap_vld   |                  res_36_V                  |    pointer   |
|res_36_V_ap_vld  | out |    1|   ap_vld   |                  res_36_V                  |    pointer   |
|res_37_V         | out |   32|   ap_vld   |                  res_37_V                  |    pointer   |
|res_37_V_ap_vld  | out |    1|   ap_vld   |                  res_37_V                  |    pointer   |
|res_38_V         | out |   32|   ap_vld   |                  res_38_V                  |    pointer   |
|res_38_V_ap_vld  | out |    1|   ap_vld   |                  res_38_V                  |    pointer   |
|res_39_V         | out |   32|   ap_vld   |                  res_39_V                  |    pointer   |
|res_39_V_ap_vld  | out |    1|   ap_vld   |                  res_39_V                  |    pointer   |
|res_40_V         | out |   32|   ap_vld   |                  res_40_V                  |    pointer   |
|res_40_V_ap_vld  | out |    1|   ap_vld   |                  res_40_V                  |    pointer   |
|res_41_V         | out |   32|   ap_vld   |                  res_41_V                  |    pointer   |
|res_41_V_ap_vld  | out |    1|   ap_vld   |                  res_41_V                  |    pointer   |
|res_42_V         | out |   32|   ap_vld   |                  res_42_V                  |    pointer   |
|res_42_V_ap_vld  | out |    1|   ap_vld   |                  res_42_V                  |    pointer   |
|res_43_V         | out |   32|   ap_vld   |                  res_43_V                  |    pointer   |
|res_43_V_ap_vld  | out |    1|   ap_vld   |                  res_43_V                  |    pointer   |
|res_44_V         | out |   32|   ap_vld   |                  res_44_V                  |    pointer   |
|res_44_V_ap_vld  | out |    1|   ap_vld   |                  res_44_V                  |    pointer   |
|res_45_V         | out |   32|   ap_vld   |                  res_45_V                  |    pointer   |
|res_45_V_ap_vld  | out |    1|   ap_vld   |                  res_45_V                  |    pointer   |
|res_46_V         | out |   32|   ap_vld   |                  res_46_V                  |    pointer   |
|res_46_V_ap_vld  | out |    1|   ap_vld   |                  res_46_V                  |    pointer   |
|res_47_V         | out |   32|   ap_vld   |                  res_47_V                  |    pointer   |
|res_47_V_ap_vld  | out |    1|   ap_vld   |                  res_47_V                  |    pointer   |
|res_48_V         | out |   32|   ap_vld   |                  res_48_V                  |    pointer   |
|res_48_V_ap_vld  | out |    1|   ap_vld   |                  res_48_V                  |    pointer   |
|res_49_V         | out |   32|   ap_vld   |                  res_49_V                  |    pointer   |
|res_49_V_ap_vld  | out |    1|   ap_vld   |                  res_49_V                  |    pointer   |
|res_50_V         | out |   32|   ap_vld   |                  res_50_V                  |    pointer   |
|res_50_V_ap_vld  | out |    1|   ap_vld   |                  res_50_V                  |    pointer   |
|res_51_V         | out |   32|   ap_vld   |                  res_51_V                  |    pointer   |
|res_51_V_ap_vld  | out |    1|   ap_vld   |                  res_51_V                  |    pointer   |
|res_52_V         | out |   32|   ap_vld   |                  res_52_V                  |    pointer   |
|res_52_V_ap_vld  | out |    1|   ap_vld   |                  res_52_V                  |    pointer   |
|res_53_V         | out |   32|   ap_vld   |                  res_53_V                  |    pointer   |
|res_53_V_ap_vld  | out |    1|   ap_vld   |                  res_53_V                  |    pointer   |
|res_54_V         | out |   32|   ap_vld   |                  res_54_V                  |    pointer   |
|res_54_V_ap_vld  | out |    1|   ap_vld   |                  res_54_V                  |    pointer   |
|res_55_V         | out |   32|   ap_vld   |                  res_55_V                  |    pointer   |
|res_55_V_ap_vld  | out |    1|   ap_vld   |                  res_55_V                  |    pointer   |
|res_56_V         | out |   32|   ap_vld   |                  res_56_V                  |    pointer   |
|res_56_V_ap_vld  | out |    1|   ap_vld   |                  res_56_V                  |    pointer   |
|res_57_V         | out |   32|   ap_vld   |                  res_57_V                  |    pointer   |
|res_57_V_ap_vld  | out |    1|   ap_vld   |                  res_57_V                  |    pointer   |
|res_58_V         | out |   32|   ap_vld   |                  res_58_V                  |    pointer   |
|res_58_V_ap_vld  | out |    1|   ap_vld   |                  res_58_V                  |    pointer   |
|res_59_V         | out |   32|   ap_vld   |                  res_59_V                  |    pointer   |
|res_59_V_ap_vld  | out |    1|   ap_vld   |                  res_59_V                  |    pointer   |
|res_60_V         | out |   32|   ap_vld   |                  res_60_V                  |    pointer   |
|res_60_V_ap_vld  | out |    1|   ap_vld   |                  res_60_V                  |    pointer   |
|res_61_V         | out |   32|   ap_vld   |                  res_61_V                  |    pointer   |
|res_61_V_ap_vld  | out |    1|   ap_vld   |                  res_61_V                  |    pointer   |
|res_62_V         | out |   32|   ap_vld   |                  res_62_V                  |    pointer   |
|res_62_V_ap_vld  | out |    1|   ap_vld   |                  res_62_V                  |    pointer   |
|res_63_V         | out |   32|   ap_vld   |                  res_63_V                  |    pointer   |
|res_63_V_ap_vld  | out |    1|   ap_vld   |                  res_63_V                  |    pointer   |
+-----------------+-----+-----+------------+--------------------------------------------+--------------+

